Archive member included to satisfy reference by file (symbol)

/home/mohit/ws/arm-trusted-firmware/build/rk3399/release/lib/libfdt.a(fdt_ro.o)
                              /home/mohit/ws/arm-trusted-firmware/build/rk3399/release/bl31/params_setup.o (fdt_getprop)
/home/mohit/ws/arm-trusted-firmware/build/rk3399/release/lib/libfdt.a(fdt_rw.o)
                              /home/mohit/ws/arm-trusted-firmware/build/rk3399/release/bl31/params_setup.o (fdt_open_into)
/home/mohit/ws/arm-trusted-firmware/build/rk3399/release/lib/libfdt.a(fdt_wip.o)
                              /home/mohit/ws/arm-trusted-firmware/build/rk3399/release/lib/libfdt.a(fdt_rw.o) (fdt_node_end_offset_)
/home/mohit/ws/arm-trusted-firmware/build/rk3399/release/lib/libfdt.a(fdt.o)
                              /home/mohit/ws/arm-trusted-firmware/build/rk3399/release/lib/libfdt.a(fdt_ro.o) (fdt_ro_probe_)
/home/mohit/ws/arm-trusted-firmware/build/rk3399/release/lib/libc.a(memchr.o)
                              /home/mohit/ws/arm-trusted-firmware/build/rk3399/release/lib/libfdt.a(fdt_ro.o) (memchr)
/home/mohit/ws/arm-trusted-firmware/build/rk3399/release/lib/libc.a(memcmp.o)
                              /home/mohit/ws/arm-trusted-firmware/build/rk3399/release/lib/libfdt.a(fdt_ro.o) (memcmp)
/home/mohit/ws/arm-trusted-firmware/build/rk3399/release/lib/libc.a(memcpy.o)
                              /home/mohit/ws/arm-trusted-firmware/build/rk3399/release/bl31/context_mgmt.o (memcpy)
/home/mohit/ws/arm-trusted-firmware/build/rk3399/release/lib/libc.a(memmove.o)
                              /home/mohit/ws/arm-trusted-firmware/build/rk3399/release/bl31/xlat_tables_common.o (memmove)
/home/mohit/ws/arm-trusted-firmware/build/rk3399/release/lib/libc.a(memset.o)
                              /home/mohit/ws/arm-trusted-firmware/build/rk3399/release/bl31/runtime_svc.o (memset)
/home/mohit/ws/arm-trusted-firmware/build/rk3399/release/lib/libc.a(printf.o)
                              /home/mohit/ws/arm-trusted-firmware/build/rk3399/release/bl31/tf_log.o (vprintf)
/home/mohit/ws/arm-trusted-firmware/build/rk3399/release/lib/libc.a(putchar.o)
                              /home/mohit/ws/arm-trusted-firmware/build/rk3399/release/bl31/tf_log.o (putchar)
/home/mohit/ws/arm-trusted-firmware/build/rk3399/release/lib/libc.a(strchr.o)
                              /home/mohit/ws/arm-trusted-firmware/build/rk3399/release/bl31/params_setup.o (strchr)
/home/mohit/ws/arm-trusted-firmware/build/rk3399/release/lib/libc.a(strlen.o)
                              /home/mohit/ws/arm-trusted-firmware/build/rk3399/release/lib/libfdt.a(fdt_ro.o) (strlen)
/home/mohit/ws/arm-trusted-firmware/build/rk3399/release/lib/libc.a(strncmp.o)
                              /home/mohit/ws/arm-trusted-firmware/build/rk3399/release/bl31/params_setup.o (strncmp)
/home/mohit/ws/arm-trusted-firmware/build/rk3399/release/lib/libc.a(strnlen.o)
                              /home/mohit/ws/arm-trusted-firmware/build/rk3399/release/lib/libfdt.a(fdt_ro.o) (strnlen)
/home/mohit/ws/arm-trusted-firmware/build/rk3399/release/lib/libc.a(strrchr.o)
                              /home/mohit/ws/arm-trusted-firmware/build/rk3399/release/lib/libfdt.a(fdt_ro.o) (strrchr)

Discarded input sections

 .text          0x0000000000000000        0x0 /home/mohit/ws/arm-trusted-firmware/build/rk3399/release/bl31/build_message.o
 .data          0x0000000000000000        0x0 /home/mohit/ws/arm-trusted-firmware/build/rk3399/release/bl31/build_message.o
 .bss           0x0000000000000000        0x0 /home/mohit/ws/arm-trusted-firmware/build/rk3399/release/bl31/build_message.o
 .text          0x0000000000000000        0x0 /home/mohit/ws/arm-trusted-firmware/build/rk3399/release/bl31/bl31_context_mgmt.o
 .data          0x0000000000000000        0x0 /home/mohit/ws/arm-trusted-firmware/build/rk3399/release/bl31/bl31_context_mgmt.o
 .bss           0x0000000000000000        0x0 /home/mohit/ws/arm-trusted-firmware/build/rk3399/release/bl31/bl31_context_mgmt.o
 .text.cm_set_context
                0x0000000000000000        0xc /home/mohit/ws/arm-trusted-firmware/build/rk3399/release/bl31/bl31_context_mgmt.o
 .eh_frame      0x0000000000000000       0x88 /home/mohit/ws/arm-trusted-firmware/build/rk3399/release/bl31/bl31_context_mgmt.o
 .text          0x0000000000000000        0x0 /home/mohit/ws/arm-trusted-firmware/build/rk3399/release/bl31/bl31_main.o
 .data          0x0000000000000000        0x0 /home/mohit/ws/arm-trusted-firmware/build/rk3399/release/bl31/bl31_main.o
 .bss           0x0000000000000000        0x0 /home/mohit/ws/arm-trusted-firmware/build/rk3399/release/bl31/bl31_main.o
 .text.bl31_lib_init
                0x0000000000000000        0x4 /home/mohit/ws/arm-trusted-firmware/build/rk3399/release/bl31/bl31_main.o
 .text.bl31_set_next_image_type
                0x0000000000000000        0xc /home/mohit/ws/arm-trusted-firmware/build/rk3399/release/bl31/bl31_main.o
 .text.bl31_get_next_image_type
[...]
Memory Configuration

Name             Origin             Length             Attributes
RAM              0x0000000000040000 0x00000000000c0000 xrw
SRAM             0x00000000ff8c0000 0x0000000000030000 xrw
PMUSRAM          0x00000000ff3b0000 0x0000000000002000 xrw
*default*        0x0000000000000000 0xffffffffffffffff

Linker script and memory map

                0x00000000ff8c0000                . = 0xff8c0000
                0x0000000000000001                ASSERT ((. == ALIGN (0x1000)), SRAM_BASE address is not aligned on a page boundary.)

.incbin_sram    0x00000000ff8c0000     0x1000
                0x00000000ff8c0000                __sram_incbin_start = .
 *(.sram.incbin)
 .sram.incbin   0x00000000ff8c0000      0x310 /home/mohit/ws/arm-trusted-firmware/build/rk3399/release/bl31/pmu_fw.o
                0x00000000ff8c0000                rk3399m0_bin
                0x00000000ff8c0310                rk3399m0_bin_end
                0x00000000ff8c0310                __sram_incbin_real_end = .
                0x00000000ff8c1000                . = ALIGN (0x1000)
 *fill*         0x00000000ff8c0310      0xcf0 
                0x00000000ff8c1000                __sram_incbin_end = .
                0x0000000000000001                ASSERT (((__sram_incbin_real_end - __sram_incbin_start) <= 0x1000), .incbin_sram has exceeded its limit)

.comment        0x0000000000000000       0x2a
 .comment       0x0000000000000000       0x2a /home/mohit/ws/arm-trusted-firmware/build/rk3399/release/bl31/build_message.o
                                         0x2b (size before relaxing)
 .comment       0x000000000000002a       0x2b /home/mohit/ws/arm-trusted-firmware/build/rk3399/release/bl31/bl31_context_mgmt.o
 .comment       0x000000000000002a       0x2b /home/mohit/ws/arm-trusted-firmware/build/rk3399/release/bl31/bl31_main.o
 .comment       0x000000000000002a       0x2b /home/mohit/ws/arm-trusted-firmware/build/rk3399/release/bl31/interrupt_mgmt.o
 .comment       0x000000000000002a       0x2b /home/mohit/ws/arm-trusted-firmware/build/rk3399/release/bl31/runtime_svc.o
 .comment       0x000000000000002a       0x2b /home/mohit/ws/arm-trusted-firmware/build/rk3399/release/bl31/cci.o
 .comment       0x000000000000002a       0x2b /home/mohit/ws/arm-trusted-firmware/build/rk3399/release/bl31/arm_gicv3_common.o
 .comment       0x000000000000002a       0x2b /home/mohit/ws/arm-trusted-firmware/build/rk3399/release/bl31/gic-x00.o
 .comment       0x000000000000002a       0x2b /home/mohit/ws/arm-trusted-firmware/build/rk3399/release/bl31/gicdv3_helpers.o
 .comment       0x000000000000002a       0x2b /home/mohit/ws/arm-trusted-firmware/build/rk3399/release/bl31/gicrv3_helpers.o
 .comment       0x000000000000002a       0x2b /home/mohit/ws/arm-trusted-firmware/build/rk3399/release/bl31/gicv3_helpers.o
 .comment       0x000000000000002a       0x2b /home/mohit/ws/arm-trusted-firmware/build/rk3399/release/bl31/gicv3_main.o
 .comment       0x000000000000002a       0x2b /home/mohit/ws/arm-trusted-firmware/build/rk3399/release/bl31/delay_timer.o
 .comment       0x000000000000002a       0x2b /home/mohit/ws/arm-trusted-firmware/build/rk3399/release/bl31/generic_delay_timer.o
 .comment       0x000000000000002a       0x2b /home/mohit/ws/arm-trusted-firmware/build/rk3399/release/bl31/gpio.o
 .comment       0x000000000000002a       0x2b /home/mohit/ws/arm-trusted-firmware/build/rk3399/release/bl31/context_mgmt.o
 .comment       0x000000000000002a       0x2b /home/mohit/ws/arm-trusted-firmware/build/rk3399/release/bl31/cpu_data_array.o
 .comment       0x000000000000002a       0x2b /home/mohit/ws/arm-trusted-firmware/build/rk3399/release/bl31/spe.o
 .comment       0x000000000000002a       0x2b /home/mohit/ws/arm-trusted-firmware/build/rk3399/release/bl31/bakery_lock_coherent.o
 .comment       0x000000000000002a       0x2b /home/mohit/ws/arm-trusted-firmware/build/rk3399/release/bl31/psci_common.o
 .comment       0x000000000000002a       0x2b /home/mohit/ws/arm-trusted-firmware/build/rk3399/release/bl31/psci_main.o
 .comment       0x000000000000002a       0x2b /home/mohit/ws/arm-trusted-firmware/build/rk3399/release/bl31/psci_mem_protect.o
 .comment       0x000000000000002a       0x2b /home/mohit/ws/arm-trusted-firmware/build/rk3399/release/bl31/psci_off.o
 .comment       0x000000000000002a       0x2b /home/mohit/ws/arm-trusted-firmware/build/rk3399/release/bl31/psci_on.o
 .comment       0x000000000000002a       0x2b /home/mohit/ws/arm-trusted-firmware/build/rk3399/release/bl31/psci_setup.o
 .comment       0x000000000000002a       0x2b /home/mohit/ws/arm-trusted-firmware/build/rk3399/release/bl31/psci_suspend.o
 .comment       0x000000000000002a       0x2b /home/mohit/ws/arm-trusted-firmware/build/rk3399/release/bl31/psci_system_off.o
 .comment       0x000000000000002a       0x2b /home/mohit/ws/arm-trusted-firmware/build/rk3399/release/bl31/plat_gicv3.o
 .comment       0x000000000000002a       0x2b /home/mohit/ws/arm-trusted-firmware/build/rk3399/release/bl31/platform_common.o
 .comment       0x000000000000002a       0x2b /home/mohit/ws/arm-trusted-firmware/build/rk3399/release/bl31/bl31_plat_setup.o
 .comment       0x000000000000002a       0x2b /home/mohit/ws/arm-trusted-firmware/build/rk3399/release/bl31/params_setup.o
 .comment       0x000000000000002a       0x2b /home/mohit/ws/arm-trusted-firmware/build/rk3399/release/bl31/plat_pm.o
 .comment       0x000000000000002a       0x2b /home/mohit/ws/arm-trusted-firmware/build/rk3399/release/bl31/plat_topology.o
 .comment       0x000000000000002a       0x2b /home/mohit/ws/arm-trusted-firmware/build/rk3399/release/bl31/rockchip_gicv3.o
 .comment       0x000000000000002a       0x2b /home/mohit/ws/arm-trusted-firmware/build/rk3399/release/bl31/rockchip_sip_svc.o
 .comment       0x000000000000002a       0x2b /home/mohit/ws/arm-trusted-firmware/build/rk3399/release/bl31/dfs.o
 .comment       0x000000000000002a       0x2b /home/mohit/ws/arm-trusted-firmware/build/rk3399/release/bl31/dram.o
 .comment       0x000000000000002a       0x2b /home/mohit/ws/arm-trusted-firmware/build/rk3399/release/bl31/dram_spec_timing.o
 .comment       0x000000000000002a       0x2b /home/mohit/ws/arm-trusted-firmware/build/rk3399/release/bl31/suspend.o
 .comment       0x000000000000002a       0x2b /home/mohit/ws/arm-trusted-firmware/build/rk3399/release/bl31/rk3399_gpio.o
 .comment       0x000000000000002a       0x2b /home/mohit/ws/arm-trusted-firmware/build/rk3399/release/bl31/m0_ctl.o
 .comment       0x000000000000002a       0x2b /home/mohit/ws/arm-trusted-firmware/build/rk3399/release/bl31/pmu.o
 .comment       0x000000000000002a       0x2b /home/mohit/ws/arm-trusted-firmware/build/rk3399/release/bl31/pwm.o
 .comment       0x000000000000002a       0x2b /home/mohit/ws/arm-trusted-firmware/build/rk3399/release/bl31/secure.o
 .comment       0x000000000000002a       0x2b /home/mohit/ws/arm-trusted-firmware/build/rk3399/release/bl31/soc.o
 .comment       0x000000000000002a       0x2b /home/mohit/ws/arm-trusted-firmware/build/rk3399/release/bl31/plat_sip_calls.o
 .comment       0x000000000000002a       0x2b /home/mohit/ws/arm-trusted-firmware/build/rk3399/release/bl31/arm_arch_svc_setup.o
 .comment       0x000000000000002a       0x2b /home/mohit/ws/arm-trusted-firmware/build/rk3399/release/bl31/std_svc_setup.o
 .comment       0x000000000000002a       0x2b /home/mohit/ws/arm-trusted-firmware/build/rk3399/release/bl31/bl_common.o
 .comment       0x000000000000002a       0x2b /home/mohit/ws/arm-trusted-firmware/build/rk3399/release/bl31/tf_log.o
 .comment       0x000000000000002a       0x2b /home/mohit/ws/arm-trusted-firmware/build/rk3399/release/bl31/multi_console.o
 .comment       0x000000000000002a       0x2b /home/mohit/ws/arm-trusted-firmware/build/rk3399/release/bl31/plat_bl_common.o
 .comment       0x000000000000002a       0x2b /home/mohit/ws/arm-trusted-firmware/build/rk3399/release/bl31/plat_log_common.o
 .comment       0x000000000000002a       0x2b /home/mohit/ws/arm-trusted-firmware/build/rk3399/release/bl31/plat_common.o
 .comment       0x000000000000002a       0x2b /home/mohit/ws/arm-trusted-firmware/build/rk3399/release/bl31/desc_image_load.o
 .comment       0x000000000000002a       0x2b /home/mohit/ws/arm-trusted-firmware/build/rk3399/release/bl31/bl_aux_params.o
 .comment       0x000000000000002a       0x2b /home/mohit/ws/arm-trusted-firmware/build/rk3399/release/bl31/xlat_tables_common.o
 .comment       0x000000000000002a       0x2b /home/mohit/ws/arm-trusted-firmware/build/rk3399/release/bl31/xlat_tables.o
 .comment       0x000000000000002a       0x2b /home/mohit/ws/arm-trusted-firmware/build/rk3399/release/bl31/plat_psci_common.o
 .comment       0x000000000000002a       0x2b /home/mohit/ws/arm-trusted-firmware/build/rk3399/release/lib/libfdt.a(fdt_ro.o)
 .comment       0x000000000000002a       0x2b /home/mohit/ws/arm-trusted-firmware/build/rk3399/release/lib/libfdt.a(fdt_rw.o)
 .comment       0x000000000000002a       0x2b /home/mohit/ws/arm-trusted-firmware/build/rk3399/release/lib/libfdt.a(fdt.o)
 .comment       0x000000000000002a       0x2b /home/mohit/ws/arm-trusted-firmware/build/rk3399/release/lib/libc.a(memchr.o)
 .comment       0x000000000000002a       0x2b /home/mohit/ws/arm-trusted-firmware/build/rk3399/release/lib/libc.a(memcmp.o)
 .comment       0x000000000000002a       0x2b /home/mohit/ws/arm-trusted-firmware/build/rk3399/release/lib/libc.a(memcpy.o)
 .comment       0x000000000000002a       0x2b /home/mohit/ws/arm-trusted-firmware/build/rk3399/release/lib/libc.a(memmove.o)
 .comment       0x000000000000002a       0x2b /home/mohit/ws/arm-trusted-firmware/build/rk3399/release/lib/libc.a(memset.o)
 .comment       0x000000000000002a       0x2b /home/mohit/ws/arm-trusted-firmware/build/rk3399/release/lib/libc.a(printf.o)
 .comment       0x000000000000002a       0x2b /home/mohit/ws/arm-trusted-firmware/build/rk3399/release/lib/libc.a(putchar.o)
 .comment       0x000000000000002a       0x2b /home/mohit/ws/arm-trusted-firmware/build/rk3399/release/lib/libc.a(strchr.o)
 .comment       0x000000000000002a       0x2b /home/mohit/ws/arm-trusted-firmware/build/rk3399/release/lib/libc.a(strlen.o)
 .comment       0x000000000000002a       0x2b /home/mohit/ws/arm-trusted-firmware/build/rk3399/release/lib/libc.a(strncmp.o)
 .comment       0x000000000000002a       0x2b /home/mohit/ws/arm-trusted-firmware/build/rk3399/release/lib/libc.a(strrchr.o)

.note.GNU-stack
                0x0000000000000000        0x0
 .note.GNU-stack
                0x0000000000000000        0x0 /home/mohit/ws/arm-trusted-firmware/build/rk3399/release/bl31/build_message.o
 .note.GNU-stack
                0x0000000000000000        0x0 /home/mohit/ws/arm-trusted-firmware/build/rk3399/release/bl31/bl31_context_mgmt.o
 .note.GNU-stack
                0x0000000000000000        0x0 /home/mohit/ws/arm-trusted-firmware/build/rk3399/release/bl31/bl31_main.o
 .note.GNU-stack
                0x0000000000000000        0x0 /home/mohit/ws/arm-trusted-firmware/build/rk3399/release/bl31/interrupt_mgmt.o
 .note.GNU-stack
                0x0000000000000000        0x0 /home/mohit/ws/arm-trusted-firmware/build/rk3399/release/bl31/runtime_svc.o
 .note.GNU-stack
                0x0000000000000000        0x0 /home/mohit/ws/arm-trusted-firmware/build/rk3399/release/bl31/cci.o
 .note.GNU-stack
                0x0000000000000000        0x0 /home/mohit/ws/arm-trusted-firmware/build/rk3399/release/bl31/arm_gicv3_common.o
 .note.GNU-stack
                0x0000000000000000        0x0 /home/mohit/ws/arm-trusted-firmware/build/rk3399/release/bl31/gic-x00.o
 .note.GNU-stack
                0x0000000000000000        0x0 /home/mohit/ws/arm-trusted-firmware/build/rk3399/release/bl31/gicdv3_helpers.o
 .note.GNU-stack
                0x0000000000000000        0x0 /home/mohit/ws/arm-trusted-firmware/build/rk3399/release/bl31/gicrv3_helpers.o
 .note.GNU-stack
                0x0000000000000000        0x0 /home/mohit/ws/arm-trusted-firmware/build/rk3399/release/bl31/gicv3_helpers.o
 .note.GNU-stack
                0x0000000000000000        0x0 /home/mohit/ws/arm-trusted-firmware/build/rk3399/release/bl31/gicv3_main.o
 .note.GNU-stack
                0x0000000000000000        0x0 /home/mohit/ws/arm-trusted-firmware/build/rk3399/release/bl31/delay_timer.o
 .note.GNU-stack
                0x0000000000000000        0x0 /home/mohit/ws/arm-trusted-firmware/build/rk3399/release/bl31/generic_delay_timer.o
 .note.GNU-stack
                0x0000000000000000        0x0 /home/mohit/ws/arm-trusted-firmware/build/rk3399/release/bl31/gpio.o
 .note.GNU-stack
                0x0000000000000000        0x0 /home/mohit/ws/arm-trusted-firmware/build/rk3399/release/bl31/context_mgmt.o
 .note.GNU-stack
                0x0000000000000000        0x0 /home/mohit/ws/arm-trusted-firmware/build/rk3399/release/bl31/cpu_data_array.o
 .note.GNU-stack
                0x0000000000000000        0x0 /home/mohit/ws/arm-trusted-firmware/build/rk3399/release/bl31/spe.o
 .note.GNU-stack
                0x0000000000000000        0x0 /home/mohit/ws/arm-trusted-firmware/build/rk3399/release/bl31/bakery_lock_coherent.o
 .note.GNU-stack
                0x0000000000000000        0x0 /home/mohit/ws/arm-trusted-firmware/build/rk3399/release/bl31/psci_common.o
 .note.GNU-stack
                0x0000000000000000        0x0 /home/mohit/ws/arm-trusted-firmware/build/rk3399/release/bl31/psci_main.o
 .note.GNU-stack
                0x0000000000000000        0x0 /home/mohit/ws/arm-trusted-firmware/build/rk3399/release/bl31/psci_mem_protect.o
 .note.GNU-stack
                0x0000000000000000        0x0 /home/mohit/ws/arm-trusted-firmware/build/rk3399/release/bl31/psci_off.o
 .note.GNU-stack
                0x0000000000000000        0x0 /home/mohit/ws/arm-trusted-firmware/build/rk3399/release/bl31/psci_on.o
 .note.GNU-stack
                0x0000000000000000        0x0 /home/mohit/ws/arm-trusted-firmware/build/rk3399/release/bl31/psci_setup.o
 .note.GNU-stack
                0x0000000000000000        0x0 /home/mohit/ws/arm-trusted-firmware/build/rk3399/release/bl31/psci_suspend.o
 .note.GNU-stack
                0x0000000000000000        0x0 /home/mohit/ws/arm-trusted-firmware/build/rk3399/release/bl31/psci_system_off.o
 .note.GNU-stack
                0x0000000000000000        0x0 /home/mohit/ws/arm-trusted-firmware/build/rk3399/release/bl31/plat_gicv3.o
 .note.GNU-stack
                0x0000000000000000        0x0 /home/mohit/ws/arm-trusted-firmware/build/rk3399/release/bl31/platform_common.o
 .note.GNU-stack
                0x0000000000000000        0x0 /home/mohit/ws/arm-trusted-firmware/build/rk3399/release/bl31/bl31_plat_setup.o
 .note.GNU-stack
                0x0000000000000000        0x0 /home/mohit/ws/arm-trusted-firmware/build/rk3399/release/bl31/params_setup.o
 .note.GNU-stack
                0x0000000000000000        0x0 /home/mohit/ws/arm-trusted-firmware/build/rk3399/release/bl31/plat_pm.o
 .note.GNU-stack
                0x0000000000000000        0x0 /home/mohit/ws/arm-trusted-firmware/build/rk3399/release/bl31/plat_topology.o
 .note.GNU-stack
                0x0000000000000000        0x0 /home/mohit/ws/arm-trusted-firmware/build/rk3399/release/bl31/rockchip_gicv3.o
 .note.GNU-stack
                0x0000000000000000        0x0 /home/mohit/ws/arm-trusted-firmware/build/rk3399/release/bl31/rockchip_sip_svc.o
 .note.GNU-stack
                0x0000000000000000        0x0 /home/mohit/ws/arm-trusted-firmware/build/rk3399/release/bl31/dfs.o
 .note.GNU-stack
                0x0000000000000000        0x0 /home/mohit/ws/arm-trusted-firmware/build/rk3399/release/bl31/dram.o
 .note.GNU-stack
                0x0000000000000000        0x0 /home/mohit/ws/arm-trusted-firmware/build/rk3399/release/bl31/dram_spec_timing.o
 .note.GNU-stack
                0x0000000000000000        0x0 /home/mohit/ws/arm-trusted-firmware/build/rk3399/release/bl31/suspend.o
 .note.GNU-stack
                0x0000000000000000        0x0 /home/mohit/ws/arm-trusted-firmware/build/rk3399/release/bl31/rk3399_gpio.o
 .note.GNU-stack
                0x0000000000000000        0x0 /home/mohit/ws/arm-trusted-firmware/build/rk3399/release/bl31/m0_ctl.o
 .note.GNU-stack
                0x0000000000000000        0x0 /home/mohit/ws/arm-trusted-firmware/build/rk3399/release/bl31/pmu.o
 .note.GNU-stack
                0x0000000000000000        0x0 /home/mohit/ws/arm-trusted-firmware/build/rk3399/release/bl31/pwm.o
 .note.GNU-stack
                0x0000000000000000        0x0 /home/mohit/ws/arm-trusted-firmware/build/rk3399/release/bl31/secure.o
 .note.GNU-stack
                0x0000000000000000        0x0 /home/mohit/ws/arm-trusted-firmware/build/rk3399/release/bl31/soc.o
 .note.GNU-stack
                0x0000000000000000        0x0 /home/mohit/ws/arm-trusted-firmware/build/rk3399/release/bl31/plat_sip_calls.o
 .note.GNU-stack
                0x0000000000000000        0x0 /home/mohit/ws/arm-trusted-firmware/build/rk3399/release/bl31/arm_arch_svc_setup.o
 .note.GNU-stack
                0x0000000000000000        0x0 /home/mohit/ws/arm-trusted-firmware/build/rk3399/release/bl31/std_svc_setup.o
 .note.GNU-stack
                0x0000000000000000        0x0 /home/mohit/ws/arm-trusted-firmware/build/rk3399/release/bl31/bl_common.o
 .note.GNU-stack
                0x0000000000000000        0x0 /home/mohit/ws/arm-trusted-firmware/build/rk3399/release/bl31/tf_log.o
 .note.GNU-stack
                0x0000000000000000        0x0 /home/mohit/ws/arm-trusted-firmware/build/rk3399/release/bl31/multi_console.o
 .note.GNU-stack
                0x0000000000000000        0x0 /home/mohit/ws/arm-trusted-firmware/build/rk3399/release/bl31/plat_bl_common.o
 .note.GNU-stack
                0x0000000000000000        0x0 /home/mohit/ws/arm-trusted-firmware/build/rk3399/release/bl31/plat_log_common.o
 .note.GNU-stack
                0x0000000000000000        0x0 /home/mohit/ws/arm-trusted-firmware/build/rk3399/release/bl31/plat_common.o
 .note.GNU-stack
                0x0000000000000000        0x0 /home/mohit/ws/arm-trusted-firmware/build/rk3399/release/bl31/desc_image_load.o
 .note.GNU-stack
                0x0000000000000000        0x0 /home/mohit/ws/arm-trusted-firmware/build/rk3399/release/bl31/bl_aux_params.o
 .note.GNU-stack
                0x0000000000000000        0x0 /home/mohit/ws/arm-trusted-firmware/build/rk3399/release/bl31/xlat_tables_common.o
 .note.GNU-stack
                0x0000000000000000        0x0 /home/mohit/ws/arm-trusted-firmware/build/rk3399/release/bl31/xlat_tables.o
 .note.GNU-stack
                0x0000000000000000        0x0 /home/mohit/ws/arm-trusted-firmware/build/rk3399/release/bl31/plat_psci_common.o
 .note.GNU-stack
                0x0000000000000000        0x0 /home/mohit/ws/arm-trusted-firmware/build/rk3399/release/lib/libfdt.a(fdt_ro.o)
 .note.GNU-stack
                0x0000000000000000        0x0 /home/mohit/ws/arm-trusted-firmware/build/rk3399/release/lib/libfdt.a(fdt_rw.o)
 .note.GNU-stack
                0x0000000000000000        0x0 /home/mohit/ws/arm-trusted-firmware/build/rk3399/release/lib/libfdt.a(fdt.o)
 .note.GNU-stack
                0x0000000000000000        0x0 /home/mohit/ws/arm-trusted-firmware/build/rk3399/release/lib/libc.a(memchr.o)
 .note.GNU-stack
                0x0000000000000000        0x0 /home/mohit/ws/arm-trusted-firmware/build/rk3399/release/lib/libc.a(memcmp.o)
 .note.GNU-stack
                0x0000000000000000        0x0 /home/mohit/ws/arm-trusted-firmware/build/rk3399/release/lib/libc.a(memcpy.o)
 .note.GNU-stack
                0x0000000000000000        0x0 /home/mohit/ws/arm-trusted-firmware/build/rk3399/release/lib/libc.a(memmove.o)
 .note.GNU-stack
                0x0000000000000000        0x0 /home/mohit/ws/arm-trusted-firmware/build/rk3399/release/lib/libc.a(memset.o)
 .note.GNU-stack
                0x0000000000000000        0x0 /home/mohit/ws/arm-trusted-firmware/build/rk3399/release/lib/libc.a(printf.o)
 .note.GNU-stack
                0x0000000000000000        0x0 /home/mohit/ws/arm-trusted-firmware/build/rk3399/release/lib/libc.a(putchar.o)
 .note.GNU-stack
                0x0000000000000000        0x0 /home/mohit/ws/arm-trusted-firmware/build/rk3399/release/lib/libc.a(strchr.o)
 .note.GNU-stack
                0x0000000000000000        0x0 /home/mohit/ws/arm-trusted-firmware/build/rk3399/release/lib/libc.a(strlen.o)
 .note.GNU-stack
                0x0000000000000000        0x0 /home/mohit/ws/arm-trusted-firmware/build/rk3399/release/lib/libc.a(strncmp.o)
 .note.GNU-stack
                0x0000000000000000        0x0 /home/mohit/ws/arm-trusted-firmware/build/rk3399/release/lib/libc.a(strrchr.o)

.text_sram      0x00000000ff8c1000     0x1000
                0x00000000ff8c1000                __bl31_sram_text_start = .
 *(.sram.text)
 .sram.text     0x00000000ff8c1000       0x90 /home/mohit/ws/arm-trusted-firmware/build/rk3399/release/bl31/plat_helpers.o
                0x00000000ff8c1000                sram_func_set_ddrctl_pll
 *(.sram.rodata)
                0x00000000ff8c1090                __bl31_sram_text_real_end = .
                0x00000000ff8c2000                . = ALIGN (0x1000)
 *fill*         0x00000000ff8c1090      0xf70 
                0x00000000ff8c2000                __bl31_sram_text_end = .
                0x0000000000000001                ASSERT (((__bl31_sram_text_real_end - __bl31_sram_text_start) <= 0x1000), .text_sram has exceeded its limit)

.iplt           0x00000000ff8c2000        0x0
 .iplt          0x00000000ff8c2000        0x0 /home/mohit/ws/arm-trusted-firmware/build/rk3399/release/bl31/bl31_context_mgmt.o

.data_sram      0x00000000ff8c2000        0x0
                0x00000000ff8c2000                __bl31_sram_data_start = .
 *(.sram.data)
                0x00000000ff8c2000                __bl31_sram_data_real_end = .
                0x00000000ff8c2000                . = ALIGN (0x1000)
                0x00000000ff8c2000                __bl31_sram_data_end = .
                0x0000000000000001                ASSERT (((__bl31_sram_data_real_end - __bl31_sram_data_start) <= 0x1000), .data_sram has exceeded its limit)

.stack_sram     0x00000000ff8c2000     0x1000
                0x00000000ff8c2000                __bl31_sram_stack_start = .
                0x00000000ff8c3000                . = (. + 0x1000)
 *fill*         0x00000000ff8c2000     0x1000 
                0x00000000ff8c3000                __bl31_sram_stack_end = .
                0x00000000ff3b0000                . = 0xff3b0000

.pmusram        0x00000000ff3b0000     0x1f54
                0x0000000000000001                ASSERT ((. == ALIGN (0x10000)), .pmusram.entry request 64K aligned.)
 *(.pmusram.entry)
 .pmusram.entry
                0x00000000ff3b0000       0x20 /home/mohit/ws/arm-trusted-firmware/build/rk3399/release/bl31/pmu_sram_cpus_on.o
                0x00000000ff3b0000                pmu_cpuson_entrypoint
 .pmusram.entry.stub
                0x00000000ff3b0020       0x28 linker stubs
                0x00000000ff3b0058                __bl31_pmusram_text_start = .
 *(.pmusram.text)
 .pmusram.text  0x00000000ff3b0058      0xcfc /home/mohit/ws/arm-trusted-firmware/build/rk3399/release/bl31/suspend.o
                0x00000000ff3b0640                dmc_resume
 .pmusram.text  0x00000000ff3b0d54       0x44 /home/mohit/ws/arm-trusted-firmware/build/rk3399/release/bl31/secure.o
                0x00000000ff3b0d54                secure_watchdog_ungate
                0x00000000ff3b0d68                sram_secure_timer_init
 .pmusram.text  0x00000000ff3b0d98       0x48 /home/mohit/ws/arm-trusted-firmware/build/rk3399/release/bl31/soc.o
                0x00000000ff3b0d98                pmu_sgrf_rst_hld_release
                0x00000000ff3b0dac                restore_pmu_rsthold
 *(.pmusram.rodata)
                0x00000000ff3b0de0                __bl31_pmusram_text_end = .
                0x00000000ff3b1000                . = ALIGN (0x1000)
 *fill*         0x00000000ff3b0de0      0x220 
                0x00000000ff3b1000                __pmusram_incbin_start = .
 *(.pmusram.incbin)
 .pmusram.incbin
                0x00000000ff3b1000      0x240 /home/mohit/ws/arm-trusted-firmware/build/rk3399/release/bl31/pmu_fw.o
                0x00000000ff3b1000                rk3399m0pmu_bin
                0x00000000ff3b1240                rk3399m0pmu_bin_end
                0x00000000ff3b1240                __pmusram_incbin_end = .
                0x00000000ff3b1240                __bl31_pmusram_data_start = .
 *(.pmusram.data)
 .pmusram.data  0x00000000ff3b1240      0xcf0 /home/mohit/ws/arm-trusted-firmware/build/rk3399/release/bl31/dram.o
                0x00000000ff3b1240                sdram_config
 .pmusram.data  0x00000000ff3b1f30       0x1c /home/mohit/ws/arm-trusted-firmware/build/rk3399/release/bl31/suspend.o
                0x00000000ff3b1f30                cru_clksel_con6
                0x00000000ff3b1f34                dpll_data
 .pmusram.data  0x00000000ff3b1f4c        0x8 /home/mohit/ws/arm-trusted-firmware/build/rk3399/release/bl31/soc.o
                0x00000000ff3b1f4c                pmu_slp_data
                0x00000000ff3b1f54                __bl31_pmusram_data_end = .
                0x0000000000040000                . = 0x40000
                0x0000000000000001                ASSERT ((. == ALIGN (0x1000)), BL31_BASE address is not aligned on a page boundary.)
                0x0000000000040000                __BL31_START__ = .

ro              0x0000000000040000    0x22000
                0x0000000000040000                __RO_START__ = .
 *bl31_entrypoint.o(.text*)
 .text.asm.bl31_entrypoint
                0x0000000000040000      0x114 /home/mohit/ws/arm-trusted-firmware/build/rk3399/release/bl31/bl31_entrypoint.o
                0x0000000000040000                bl31_entrypoint
 *fill*         0x0000000000040114        0x4 
 .text.asm.bl31_entrypoint.stub
                0x0000000000040118       0x18 linker stubs
 .text.asm.bl31_warm_entrypoint
                0x0000000000040138       0x80 /home/mohit/ws/arm-trusted-firmware/build/rk3399/release/bl31/bl31_entrypoint.o
                0x0000000000040138                bl31_warm_entrypoint
 *(SORT_BY_ALIGNMENT(.text*))
 *fill*         0x00000000000401b8     0xfe48 
 .text.asm.platform_cpu_warmboot
                0x0000000000050000       0x80 /home/mohit/ws/arm-trusted-firmware/build/rk3399/release/bl31/plat_helpers.o
                0x0000000000050000                platform_cpu_warmboot
 .text.cm_get_context
                0x0000000000050080        0xc /home/mohit/ws/arm-trusted-firmware/build/rk3399/release/bl31/bl31_context_mgmt.o
                0x0000000000050080                cm_get_context
 .text.cm_get_context_by_index
                0x000000000005008c       0x24 /home/mohit/ws/arm-trusted-firmware/build/rk3399/release/bl31/bl31_context_mgmt.o
                0x000000000005008c                cm_get_context_by_index
 .text.cm_set_context_by_index
                0x00000000000500b0       0x28 /home/mohit/ws/arm-trusted-firmware/build/rk3399/release/bl31/bl31_context_mgmt.o
                0x00000000000500b0                cm_set_context_by_index
 .text.get_arm_std_svc_args
                0x00000000000500d8        0xc /home/mohit/ws/arm-trusted-firmware/build/rk3399/release/bl31/bl31_main.o
                0x00000000000500d8                get_arm_std_svc_args
 .text.bl31_setup
                0x00000000000500e4       0x14 /home/mohit/ws/arm-trusted-firmware/build/rk3399/release/bl31/bl31_main.o
                0x00000000000500e4                bl31_setup
 .text.bl31_prepare_next_image_entry
                0x00000000000500f8       0x60 /home/mohit/ws/arm-trusted-firmware/build/rk3399/release/bl31/bl31_main.o
                0x00000000000500f8                bl31_prepare_next_image_entry
 .text.bl31_main
                0x0000000000050158       0x64 /home/mohit/ws/arm-trusted-firmware/build/rk3399/release/bl31/bl31_main.o
                0x0000000000050158                bl31_main
 .text.get_scr_el3_from_routing_model
                0x00000000000501bc       0x30 /home/mohit/ws/arm-trusted-firmware/build/rk3399/release/bl31/interrupt_mgmt.o
                0x00000000000501bc                get_scr_el3_from_routing_model
 .text.get_interrupt_type_handler
                0x00000000000501ec       0x24 /home/mohit/ws/arm-trusted-firmware/build/rk3399/release/bl31/interrupt_mgmt.o
                0x00000000000501ec                get_interrupt_type_handler
 .text.runtime_svc_init
                0x0000000000050210      0x130 /home/mohit/ws/arm-trusted-firmware/build/rk3399/release/bl31/runtime_svc.o
                0x0000000000050210                runtime_svc_init
 .text.cci_init
                0x0000000000050340       0x14 /home/mohit/ws/arm-trusted-firmware/build/rk3399/release/bl31/cci.o
                0x0000000000050340                cci_init
 .text.cci_enable_snoop_dvm_reqs
                0x0000000000050354       0x3c /home/mohit/ws/arm-trusted-firmware/build/rk3399/release/bl31/cci.o
                0x0000000000050354                cci_enable_snoop_dvm_reqs
 .text.cci_disable_snoop_dvm_reqs
                0x0000000000050390       0x3c /home/mohit/ws/arm-trusted-firmware/build/rk3399/release/bl31/cci.o
                0x0000000000050390                cci_disable_snoop_dvm_reqs
 .text.arm_gicv3_distif_pre_save
                0x00000000000503cc       0x2c /home/mohit/ws/arm-trusted-firmware/build/rk3399/release/bl31/arm_gicv3_common.o
                0x00000000000503cc                arm_gicv3_distif_pre_save
 .text.arm_gicv3_distif_post_restore
                0x00000000000503f8       0x34 /home/mohit/ws/arm-trusted-firmware/build/rk3399/release/bl31/arm_gicv3_common.o
                0x00000000000503f8                arm_gicv3_distif_post_restore
 .text.gicv3_distif_pre_save
                0x000000000005042c        0x4 /home/mohit/ws/arm-trusted-firmware/build/rk3399/release/bl31/gic-x00.o
                0x000000000005042c                gicv3_distif_pre_save
 .text.gicv3_distif_post_restore
                0x0000000000050430        0x4 /home/mohit/ws/arm-trusted-firmware/build/rk3399/release/bl31/gic-x00.o
                0x0000000000050430                gicv3_distif_post_restore
 .text.gicv3_rdistif_on
                0x0000000000050434        0x4 /home/mohit/ws/arm-trusted-firmware/build/rk3399/release/bl31/gic-x00.o
                0x0000000000050434                gicv3_rdistif_on
 .text.gicd_set_icfgr
                0x0000000000050438       0x34 /home/mohit/ws/arm-trusted-firmware/build/rk3399/release/bl31/gicdv3_helpers.o
                0x0000000000050438                gicd_set_icfgr
 .text.gicd_clr_igroupr
                0x000000000005046c       0x24 /home/mohit/ws/arm-trusted-firmware/build/rk3399/release/bl31/gicdv3_helpers.o
                0x000000000005046c                gicd_clr_igroupr
 .text.gicd_set_igrpmodr
                0x0000000000050490       0x24 /home/mohit/ws/arm-trusted-firmware/build/rk3399/release/bl31/gicdv3_helpers.o
                0x0000000000050490                gicd_set_igrpmodr
 .text.gicd_clr_igrpmodr
                0x00000000000504b4       0x24 /home/mohit/ws/arm-trusted-firmware/build/rk3399/release/bl31/gicdv3_helpers.o
                0x00000000000504b4                gicd_clr_igrpmodr
 .text.gicd_set_isenabler
                0x00000000000504d8       0x1c /home/mohit/ws/arm-trusted-firmware/build/rk3399/release/bl31/gicdv3_helpers.o
                0x00000000000504d8                gicd_set_isenabler
 .text.gicd_set_ipriorityr
                0x00000000000504f4       0x14 /home/mohit/ws/arm-trusted-firmware/build/rk3399/release/bl31/gicdv3_helpers.o
                0x00000000000504f4                gicd_set_ipriorityr
 .text.gicd_read_icfgr
                0x0000000000050508       0x14 /home/mohit/ws/arm-trusted-firmware/build/rk3399/release/bl31/gicdv3_helpers.o
                0x0000000000050508                gicd_read_icfgr
 .text.gicd_write_icfgr
                0x000000000005051c       0x14 /home/mohit/ws/arm-trusted-firmware/build/rk3399/release/bl31/gicdv3_helpers.o
                0x000000000005051c                gicd_write_icfgr
 .text.gicd_read_igroupr
                0x0000000000050530       0x14 /home/mohit/ws/arm-trusted-firmware/build/rk3399/release/bl31/gicdv3_helpers.o
                0x0000000000050530                gicd_read_igroupr
 .text.gicd_write_igroupr
                0x0000000000050544       0x14 /home/mohit/ws/arm-trusted-firmware/build/rk3399/release/bl31/gicdv3_helpers.o
                0x0000000000050544                gicd_write_igroupr
 .text.gicd_read_igrpmodr
                0x0000000000050558       0x14 /home/mohit/ws/arm-trusted-firmware/build/rk3399/release/bl31/gicdv3_helpers.o
                0x0000000000050558                gicd_read_igrpmodr
 .text.gicd_write_igrpmodr
                0x000000000005056c       0x14 /home/mohit/ws/arm-trusted-firmware/build/rk3399/release/bl31/gicdv3_helpers.o
                0x000000000005056c                gicd_write_igrpmodr
 .text.gicd_read_ipriorityr
                0x0000000000050580       0x10 /home/mohit/ws/arm-trusted-firmware/build/rk3399/release/bl31/gicdv3_helpers.o
                0x0000000000050580                gicd_read_ipriorityr
 .text.gicd_write_ipriorityr
                0x0000000000050590       0x10 /home/mohit/ws/arm-trusted-firmware/build/rk3399/release/bl31/gicdv3_helpers.o
                0x0000000000050590                gicd_write_ipriorityr
 .text.gicd_read_isactiver
                0x00000000000505a0       0x14 /home/mohit/ws/arm-trusted-firmware/build/rk3399/release/bl31/gicdv3_helpers.o
                0x00000000000505a0                gicd_read_isactiver
 .text.gicd_write_isactiver
                0x00000000000505b4       0x14 /home/mohit/ws/arm-trusted-firmware/build/rk3399/release/bl31/gicdv3_helpers.o
                0x00000000000505b4                gicd_write_isactiver
 .text.gicd_read_isenabler
                0x00000000000505c8       0x14 /home/mohit/ws/arm-trusted-firmware/build/rk3399/release/bl31/gicdv3_helpers.o
                0x00000000000505c8                gicd_read_isenabler
 .text.gicd_write_isenabler
                0x00000000000505dc       0x14 /home/mohit/ws/arm-trusted-firmware/build/rk3399/release/bl31/gicdv3_helpers.o
                0x00000000000505dc                gicd_write_isenabler
 .text.gicd_read_ispendr
                0x00000000000505f0       0x14 /home/mohit/ws/arm-trusted-firmware/build/rk3399/release/bl31/gicdv3_helpers.o
                0x00000000000505f0                gicd_read_ispendr
 .text.gicd_write_ispendr
                0x0000000000050604       0x14 /home/mohit/ws/arm-trusted-firmware/build/rk3399/release/bl31/gicdv3_helpers.o
                0x0000000000050604                gicd_write_ispendr
 .text.gicd_read_nsacr
                0x0000000000050618       0x14 /home/mohit/ws/arm-trusted-firmware/build/rk3399/release/bl31/gicdv3_helpers.o
                0x0000000000050618                gicd_read_nsacr
 .text.gicd_write_nsacr
                0x000000000005062c       0x14 /home/mohit/ws/arm-trusted-firmware/build/rk3399/release/bl31/gicdv3_helpers.o
                0x000000000005062c                gicd_write_nsacr
 .text.gicr_write_ipriorityr
                0x0000000000050640       0x14 /home/mohit/ws/arm-trusted-firmware/build/rk3399/release/bl31/gicrv3_helpers.o
                0x0000000000050640                gicr_write_ipriorityr
 .text.gicr_set_ipriorityr
                0x0000000000050654       0x18 /home/mohit/ws/arm-trusted-firmware/build/rk3399/release/bl31/gicrv3_helpers.o
                0x0000000000050654                gicr_set_ipriorityr
 .text.gicr_clr_igroupr
                0x000000000005066c       0x28 /home/mohit/ws/arm-trusted-firmware/build/rk3399/release/bl31/gicrv3_helpers.o
                0x000000000005066c                gicr_clr_igroupr
 .text.gicr_set_igrpmodr
                0x0000000000050694       0x28 /home/mohit/ws/arm-trusted-firmware/build/rk3399/release/bl31/gicrv3_helpers.o
                0x0000000000050694                gicr_set_igrpmodr
 .text.gicr_clr_igrpmodr
                0x00000000000506bc       0x28 /home/mohit/ws/arm-trusted-firmware/build/rk3399/release/bl31/gicrv3_helpers.o
                0x00000000000506bc                gicr_clr_igrpmodr
 .text.gicr_set_isenabler
                0x00000000000506e4       0x20 /home/mohit/ws/arm-trusted-firmware/build/rk3399/release/bl31/gicrv3_helpers.o
                0x00000000000506e4                gicr_set_isenabler
 .text.gicr_set_icfgr
                0x0000000000050704       0x38 /home/mohit/ws/arm-trusted-firmware/build/rk3399/release/bl31/gicrv3_helpers.o
                0x0000000000050704                gicr_set_icfgr
 .text.gicv3_rdistif_mark_core_awake
                0x000000000005073c       0x1c /home/mohit/ws/arm-trusted-firmware/build/rk3399/release/bl31/gicv3_helpers.o
                0x000000000005073c                gicv3_rdistif_mark_core_awake
 .text.gicv3_rdistif_mark_core_asleep
                0x0000000000050758       0x1c /home/mohit/ws/arm-trusted-firmware/build/rk3399/release/bl31/gicv3_helpers.o
                0x0000000000050758                gicv3_rdistif_mark_core_asleep
 .text.gicv3_rdistif_base_addrs_probe
                0x0000000000050774       0x6c /home/mohit/ws/arm-trusted-firmware/build/rk3399/release/bl31/gicv3_helpers.o
                0x0000000000050774                gicv3_rdistif_base_addrs_probe
 .text.gicv3_spis_config_defaults
                0x00000000000507e0       0xa8 /home/mohit/ws/arm-trusted-firmware/build/rk3399/release/bl31/gicv3_helpers.o
                0x00000000000507e0                gicv3_spis_config_defaults
 .text.gicv3_secure_spis_config_props
                0x0000000000050888       0xe8 /home/mohit/ws/arm-trusted-firmware/build/rk3399/release/bl31/gicv3_helpers.o
                0x0000000000050888                gicv3_secure_spis_config_props
 .text.gicv3_ppi_sgi_config_defaults
                0x0000000000050970       0x70 /home/mohit/ws/arm-trusted-firmware/build/rk3399/release/bl31/gicv3_helpers.o
                0x0000000000050970                gicv3_ppi_sgi_config_defaults
 .text.gicv3_secure_ppi_sgi_config_props
                0x00000000000509e0       0xcc /home/mohit/ws/arm-trusted-firmware/build/rk3399/release/bl31/gicv3_helpers.o
                0x00000000000509e0                gicv3_secure_ppi_sgi_config_props
 .text.gicd_wait_for_pending_write
                0x0000000000050aac        0xc /home/mohit/ws/arm-trusted-firmware/build/rk3399/release/bl31/gicv3_main.o
 .text.gicr_wait_for_pending_write
                0x0000000000050ab8        0xc /home/mohit/ws/arm-trusted-firmware/build/rk3399/release/bl31/gicv3_main.o
 .text.gicv3_driver_init
                0x0000000000050ac4       0x6c /home/mohit/ws/arm-trusted-firmware/build/rk3399/release/bl31/gicv3_main.o
                0x0000000000050ac4                gicv3_driver_init
 .text.gicv3_distif_init
                0x0000000000050b30       0x84 /home/mohit/ws/arm-trusted-firmware/build/rk3399/release/bl31/gicv3_main.o
                0x0000000000050b30                gicv3_distif_init
 .text.gicv3_rdistif_init
                0x0000000000050bb4       0x90 /home/mohit/ws/arm-trusted-firmware/build/rk3399/release/bl31/gicv3_main.o
                0x0000000000050bb4                gicv3_rdistif_init
 .text.gicv3_cpuif_enable
                0x0000000000050c44       0x88 /home/mohit/ws/arm-trusted-firmware/build/rk3399/release/bl31/gicv3_main.o
                0x0000000000050c44                gicv3_cpuif_enable
 .text.gicv3_cpuif_disable
                0x0000000000050ccc       0x3c /home/mohit/ws/arm-trusted-firmware/build/rk3399/release/bl31/gicv3_main.o
                0x0000000000050ccc                gicv3_cpuif_disable
 .text.gicv3_get_pending_interrupt_type
                0x0000000000050d08        0xc /home/mohit/ws/arm-trusted-firmware/build/rk3399/release/bl31/gicv3_main.o
                0x0000000000050d08                gicv3_get_pending_interrupt_type
 .text.gicv3_rdistif_save
                0x0000000000050d14       0xf8 /home/mohit/ws/arm-trusted-firmware/build/rk3399/release/bl31/gicv3_main.o
                0x0000000000050d14                gicv3_rdistif_save
 .text.gicv3_rdistif_init_restore
                0x0000000000050e0c      0x128 /home/mohit/ws/arm-trusted-firmware/build/rk3399/release/bl31/gicv3_main.o
                0x0000000000050e0c                gicv3_rdistif_init_restore
 .text.gicv3_distif_save
                0x0000000000050f34      0x204 /home/mohit/ws/arm-trusted-firmware/build/rk3399/release/bl31/gicv3_main.o
                0x0000000000050f34                gicv3_distif_save
 .text.gicv3_distif_init_restore
                0x0000000000051138      0x224 /home/mohit/ws/arm-trusted-firmware/build/rk3399/release/bl31/gicv3_main.o
                0x0000000000051138                gicv3_distif_init_restore
 .text.udelay   0x000000000005135c       0x68 /home/mohit/ws/arm-trusted-firmware/build/rk3399/release/bl31/delay_timer.o
                0x000000000005135c                udelay
 .text.timer_init
                0x00000000000513c4        0xc /home/mohit/ws/arm-trusted-firmware/build/rk3399/release/bl31/delay_timer.o
                0x00000000000513c4                timer_init
 .text.get_timer_value
                0x00000000000513d0        0xc /home/mohit/ws/arm-trusted-firmware/build/rk3399/release/bl31/generic_delay_timer.o
 .text.generic_delay_timer_init_args
                0x00000000000513dc       0x20 /home/mohit/ws/arm-trusted-firmware/build/rk3399/release/bl31/generic_delay_timer.o
                0x00000000000513dc                generic_delay_timer_init_args
 .text.generic_delay_timer_init
                0x00000000000513fc       0x44 /home/mohit/ws/arm-trusted-firmware/build/rk3399/release/bl31/generic_delay_timer.o
                0x00000000000513fc                generic_delay_timer_init
 .text.gpio_set_direction
                0x0000000000051440       0x14 /home/mohit/ws/arm-trusted-firmware/build/rk3399/release/bl31/gpio.o
                0x0000000000051440                gpio_set_direction
 .text.gpio_set_value
                0x0000000000051454       0x14 /home/mohit/ws/arm-trusted-firmware/build/rk3399/release/bl31/gpio.o
                0x0000000000051454                gpio_set_value
 .text.gpio_init
                0x0000000000051468        0xc /home/mohit/ws/arm-trusted-firmware/build/rk3399/release/bl31/gpio.o
                0x0000000000051468                gpio_init
 .text.cm_init  0x0000000000051474        0x4 /home/mohit/ws/arm-trusted-firmware/build/rk3399/release/bl31/context_mgmt.o
                0x0000000000051474                cm_init
 .text.cm_setup_context
                0x0000000000051478      0x1c4 /home/mohit/ws/arm-trusted-firmware/build/rk3399/release/bl31/context_mgmt.o
                0x0000000000051478                cm_setup_context
 .text.cm_init_context_by_index
                0x000000000005163c       0x2c /home/mohit/ws/arm-trusted-firmware/build/rk3399/release/bl31/context_mgmt.o
                0x000000000005163c                cm_init_context_by_index
 .text.cm_init_my_context
                0x0000000000051668       0x2c /home/mohit/ws/arm-trusted-firmware/build/rk3399/release/bl31/context_mgmt.o
                0x0000000000051668                cm_init_my_context
 .text.cm_el1_sysregs_context_restore
                0x0000000000051694       0x7c /home/mohit/ws/arm-trusted-firmware/build/rk3399/release/bl31/context_mgmt.o
                0x0000000000051694                cm_el1_sysregs_context_restore
 .text.cm_set_next_eret_context
                0x0000000000051710       0x20 /home/mohit/ws/arm-trusted-firmware/build/rk3399/release/bl31/context_mgmt.o
                0x0000000000051710                cm_set_next_eret_context
 .text.cm_prepare_el3_exit
                0x0000000000051730       0xcc /home/mohit/ws/arm-trusted-firmware/build/rk3399/release/bl31/context_mgmt.o
                0x0000000000051730                cm_prepare_el3_exit
 .text.spe_supported
                0x00000000000517fc       0x10 /home/mohit/ws/arm-trusted-firmware/build/rk3399/release/bl31/spe.o
                0x00000000000517fc                spe_supported
 .text.spe_drain_buffers_hook
                0x000000000005180c       0x30 /home/mohit/ws/arm-trusted-firmware/build/rk3399/release/bl31/spe.o
 .text.spe_enable
                0x000000000005183c       0x44 /home/mohit/ws/arm-trusted-firmware/build/rk3399/release/bl31/spe.o
                0x000000000005183c                spe_enable
 .text.bakery_lock_get
                0x0000000000051880       0xc0 /home/mohit/ws/arm-trusted-firmware/build/rk3399/release/bl31/bakery_lock_coherent.o
                0x0000000000051880                bakery_lock_get
 .text.bakery_lock_release
                0x0000000000051940       0x34 /home/mohit/ws/arm-trusted-firmware/build/rk3399/release/bl31/bakery_lock_coherent.o
                0x0000000000051940                bakery_lock_release
 .text.psci_validate_power_state
                0x0000000000051974       0x28 /home/mohit/ws/arm-trusted-firmware/build/rk3399/release/bl31/psci_common.o
                0x0000000000051974                psci_validate_power_state
 .text.psci_query_sys_suspend_pwrstate
                0x000000000005199c       0x14 /home/mohit/ws/arm-trusted-firmware/build/rk3399/release/bl31/psci_common.o
                0x000000000005199c                psci_query_sys_suspend_pwrstate
 .text.psci_is_last_on_cpu
                0x00000000000519b0       0x70 /home/mohit/ws/arm-trusted-firmware/build/rk3399/release/bl31/psci_common.o
                0x00000000000519b0                psci_is_last_on_cpu
 .text.psci_init_req_local_pwr_states
                0x0000000000051a20       0x58 /home/mohit/ws/arm-trusted-firmware/build/rk3399/release/bl31/psci_common.o
                0x0000000000051a20                psci_init_req_local_pwr_states
 .text.psci_get_target_local_pwr_states
                0x0000000000051a78       0x90 /home/mohit/ws/arm-trusted-firmware/build/rk3399/release/bl31/psci_common.o
                0x0000000000051a78                psci_get_target_local_pwr_states
 .text.psci_get_parent_pwr_domain_nodes
                0x0000000000051b08       0x48 /home/mohit/ws/arm-trusted-firmware/build/rk3399/release/bl31/psci_common.o
                0x0000000000051b08                psci_get_parent_pwr_domain_nodes
 .text.psci_set_pwr_domains_to_run
                0x0000000000051b50       0xb8 /home/mohit/ws/arm-trusted-firmware/build/rk3399/release/bl31/psci_common.o
                0x0000000000051b50                psci_set_pwr_domains_to_run
 .text.psci_do_state_coordination
                0x0000000000051c08      0x1c8 /home/mohit/ws/arm-trusted-firmware/build/rk3399/release/bl31/psci_common.o
                0x0000000000051c08                psci_do_state_coordination
 .text.psci_find_max_off_lvl
                0x0000000000051dd0       0x3c /home/mohit/ws/arm-trusted-firmware/build/rk3399/release/bl31/psci_common.o
                0x0000000000051dd0                psci_find_max_off_lvl
 .text.psci_find_target_suspend_lvl
                0x0000000000051e0c       0x34 /home/mohit/ws/arm-trusted-firmware/build/rk3399/release/bl31/psci_common.o
                0x0000000000051e0c                psci_find_target_suspend_lvl
 .text.psci_acquire_pwr_domain_locks
                0x0000000000051e40       0x70 /home/mohit/ws/arm-trusted-firmware/build/rk3399/release/bl31/psci_common.o
                0x0000000000051e40                psci_acquire_pwr_domain_locks
 .text.psci_release_pwr_domain_locks
                0x0000000000051eb0       0x64 /home/mohit/ws/arm-trusted-firmware/build/rk3399/release/bl31/psci_common.o
                0x0000000000051eb0                psci_release_pwr_domain_locks
 .text.psci_validate_mpidr
                0x0000000000051f14       0x20 /home/mohit/ws/arm-trusted-firmware/build/rk3399/release/bl31/psci_common.o
                0x0000000000051f14                psci_validate_mpidr
 .text.psci_validate_entry_point
                0x0000000000051f34       0xf4 /home/mohit/ws/arm-trusted-firmware/build/rk3399/release/bl31/psci_common.o
                0x0000000000051f34                psci_validate_entry_point
 .text.psci_warmboot_entrypoint
                0x0000000000052028       0xc0 /home/mohit/ws/arm-trusted-firmware/build/rk3399/release/bl31/psci_common.o
                0x0000000000052028                psci_warmboot_entrypoint
 .text.psci_spd_migrate_info
                0x00000000000520e8       0x24 /home/mohit/ws/arm-trusted-firmware/build/rk3399/release/bl31/psci_common.o
                0x00000000000520e8                psci_spd_migrate_info
 .text.psci_print_power_domain_map
                0x000000000005210c        0x4 /home/mohit/ws/arm-trusted-firmware/build/rk3399/release/bl31/psci_common.o
                0x000000000005210c                psci_print_power_domain_map
 .text.psci_do_pwrdown_sequence
                0x0000000000052110        0x4 /home/mohit/ws/arm-trusted-firmware/build/rk3399/release/bl31/psci_common.o
                0x0000000000052110                psci_do_pwrdown_sequence
 .text.psci_cpu_on
                0x0000000000052114       0x5c /home/mohit/ws/arm-trusted-firmware/build/rk3399/release/bl31/psci_main.o
                0x0000000000052114                psci_cpu_on
 .text.psci_cpu_suspend
                0x0000000000052170       0xec /home/mohit/ws/arm-trusted-firmware/build/rk3399/release/bl31/psci_main.o
                0x0000000000052170                psci_cpu_suspend
 .text.psci_system_suspend
                0x000000000005225c       0x78 /home/mohit/ws/arm-trusted-firmware/build/rk3399/release/bl31/psci_main.o
                0x000000000005225c                psci_system_suspend
 .text.psci_cpu_off
                0x00000000000522d4        0x8 /home/mohit/ws/arm-trusted-firmware/build/rk3399/release/bl31/psci_main.o
                0x00000000000522d4                psci_cpu_off
 .text.psci_affinity_info
                0x00000000000522dc       0x58 /home/mohit/ws/arm-trusted-firmware/build/rk3399/release/bl31/psci_main.o
                0x00000000000522dc                psci_affinity_info
 .text.psci_migrate
                0x0000000000052334       0x7c /home/mohit/ws/arm-trusted-firmware/build/rk3399/release/bl31/psci_main.o
                0x0000000000052334                psci_migrate
 .text.psci_migrate_info_type
                0x00000000000523b0       0x18 /home/mohit/ws/arm-trusted-firmware/build/rk3399/release/bl31/psci_main.o
                0x00000000000523b0                psci_migrate_info_type
 .text.psci_migrate_info_up_cpu
                0x00000000000523c8       0x28 /home/mohit/ws/arm-trusted-firmware/build/rk3399/release/bl31/psci_main.o
                0x00000000000523c8                psci_migrate_info_up_cpu
 .text.psci_node_hw_state
                0x00000000000523f0       0x58 /home/mohit/ws/arm-trusted-firmware/build/rk3399/release/bl31/psci_main.o
                0x00000000000523f0                psci_node_hw_state
 .text.psci_features
                0x0000000000052448       0x68 /home/mohit/ws/arm-trusted-firmware/build/rk3399/release/bl31/psci_main.o
                0x0000000000052448                psci_features
 .text.psci_smc_handler
                0x00000000000524b0      0x14c /home/mohit/ws/arm-trusted-firmware/build/rk3399/release/bl31/psci_main.o
                0x00000000000524b0                psci_smc_handler
 .text.psci_mem_protect
                0x00000000000525fc       0x5c /home/mohit/ws/arm-trusted-firmware/build/rk3399/release/bl31/psci_mem_protect.o
                0x00000000000525fc                psci_mem_protect
 .text.psci_mem_chk_range
                0x0000000000052658       0x48 /home/mohit/ws/arm-trusted-firmware/build/rk3399/release/bl31/psci_mem_protect.o
                0x0000000000052658                psci_mem_chk_range
 .text.psci_do_cpu_off
                0x00000000000526a0      0x104 /home/mohit/ws/arm-trusted-firmware/build/rk3399/release/bl31/psci_off.o
                0x00000000000526a0                psci_do_cpu_off
 .text.psci_cpu_on_start
                0x00000000000527a4      0x160 /home/mohit/ws/arm-trusted-firmware/build/rk3399/release/bl31/psci_on.o
                0x00000000000527a4                psci_cpu_on_start
 .text.psci_cpu_on_finish
                0x0000000000052904       0xd8 /home/mohit/ws/arm-trusted-firmware/build/rk3399/release/bl31/psci_on.o
                0x0000000000052904                psci_cpu_on_finish
 .text.psci_arch_setup
                0x00000000000529dc       0x1c /home/mohit/ws/arm-trusted-firmware/build/rk3399/release/bl31/psci_setup.o
                0x00000000000529dc                psci_arch_setup
 .text.psci_setup
                0x00000000000529f8      0x34c /home/mohit/ws/arm-trusted-firmware/build/rk3399/release/bl31/psci_setup.o
                0x00000000000529f8                psci_setup
 .text.psci_cpu_suspend_start
                0x0000000000052d44      0x1b0 /home/mohit/ws/arm-trusted-firmware/build/rk3399/release/bl31/psci_suspend.o
                0x0000000000052d44                psci_cpu_suspend_start
 .text.psci_cpu_suspend_finish
                0x0000000000052ef4       0xa4 /home/mohit/ws/arm-trusted-firmware/build/rk3399/release/bl31/psci_suspend.o
                0x0000000000052ef4                psci_cpu_suspend_finish
 .text.psci_system_off
                0x0000000000052f98       0x38 /home/mohit/ws/arm-trusted-firmware/build/rk3399/release/bl31/psci_system_off.o
                0x0000000000052f98                psci_system_off
 .text.psci_system_reset
                0x0000000000052fd0       0x38 /home/mohit/ws/arm-trusted-firmware/build/rk3399/release/bl31/psci_system_off.o
                0x0000000000052fd0                psci_system_reset
 .text.psci_system_reset2
                0x0000000000053008       0xa4 /home/mohit/ws/arm-trusted-firmware/build/rk3399/release/bl31/psci_system_off.o
                0x0000000000053008                psci_system_reset2
 .text.plat_ic_get_pending_interrupt_type
                0x00000000000530ac       0x34 /home/mohit/ws/arm-trusted-firmware/build/rk3399/release/bl31/plat_gicv3.o
                0x00000000000530ac                plat_ic_get_pending_interrupt_type
 .text.plat_configure_mmu_el3
                0x00000000000530e0       0x80 /home/mohit/ws/arm-trusted-firmware/build/rk3399/release/bl31/platform_common.o
                0x00000000000530e0                plat_configure_mmu_el3
 .text.plat_get_syscnt_freq2
                0x0000000000053160        0xc /home/mohit/ws/arm-trusted-firmware/build/rk3399/release/bl31/platform_common.o
                0x0000000000053160                plat_get_syscnt_freq2
 .text.plat_cci_init
                0x000000000005316c       0x14 /home/mohit/ws/arm-trusted-firmware/build/rk3399/release/bl31/platform_common.o
                0x000000000005316c                plat_cci_init
 .text.plat_cci_enable
                0x0000000000053180        0xc /home/mohit/ws/arm-trusted-firmware/build/rk3399/release/bl31/platform_common.o
                0x0000000000053180                plat_cci_enable
 .text.plat_cci_disable
                0x000000000005318c        0xc /home/mohit/ws/arm-trusted-firmware/build/rk3399/release/bl31/platform_common.o
                0x000000000005318c                plat_cci_disable
 .text.bl31_plat_get_next_image_ep_info
                0x0000000000053198       0x28 /home/mohit/ws/arm-trusted-firmware/build/rk3399/release/bl31/bl31_plat_setup.o
                0x0000000000053198                bl31_plat_get_next_image_ep_info
 .text.bl31_early_platform_setup2
                0x00000000000531c0       0x74 /home/mohit/ws/arm-trusted-firmware/build/rk3399/release/bl31/bl31_plat_setup.o
                0x00000000000531c0                bl31_early_platform_setup2
 .text.bl31_platform_setup
                0x0000000000053234       0x20 /home/mohit/ws/arm-trusted-firmware/build/rk3399/release/bl31/bl31_plat_setup.o
                0x0000000000053234                bl31_platform_setup
 .text.bl31_plat_arch_setup
                0x0000000000053254       0x40 /home/mohit/ws/arm-trusted-firmware/build/rk3399/release/bl31/bl31_plat_setup.o
                0x0000000000053254                bl31_plat_arch_setup
 .text.rk_aux_param_handler
                0x0000000000053294       0xd8 /home/mohit/ws/arm-trusted-firmware/build/rk3399/release/bl31/params_setup.o
 .text.rockchip_get_uart_base
                0x000000000005336c        0xc /home/mohit/ws/arm-trusted-firmware/build/rk3399/release/bl31/params_setup.o
                0x000000000005336c                rockchip_get_uart_base
 .text.rockchip_get_uart_baudrate
                0x0000000000053378        0xc /home/mohit/ws/arm-trusted-firmware/build/rk3399/release/bl31/params_setup.o
                0x0000000000053378                rockchip_get_uart_baudrate
 .text.rockchip_get_uart_clock
                0x0000000000053384        0xc /home/mohit/ws/arm-trusted-firmware/build/rk3399/release/bl31/params_setup.o
                0x0000000000053384                rockchip_get_uart_clock
 .text.plat_get_rockchip_gpio_reset
                0x0000000000053390       0x18 /home/mohit/ws/arm-trusted-firmware/build/rk3399/release/bl31/params_setup.o
                0x0000000000053390                plat_get_rockchip_gpio_reset
 .text.plat_get_rockchip_gpio_poweroff
                0x00000000000533a8       0x18 /home/mohit/ws/arm-trusted-firmware/build/rk3399/release/bl31/params_setup.o
                0x00000000000533a8                plat_get_rockchip_gpio_poweroff
 .text.plat_get_rockchip_suspend_gpio
                0x00000000000533c0       0x18 /home/mohit/ws/arm-trusted-firmware/build/rk3399/release/bl31/params_setup.o
                0x00000000000533c0                plat_get_rockchip_suspend_gpio
 .text.plat_get_rockchip_suspend_apio
                0x00000000000533d8        0xc /home/mohit/ws/arm-trusted-firmware/build/rk3399/release/bl31/params_setup.o
                0x00000000000533d8                plat_get_rockchip_suspend_apio
 .text.params_early_setup
                0x00000000000533e4      0x10c /home/mohit/ws/arm-trusted-firmware/build/rk3399/release/bl31/params_setup.o
                0x00000000000533e4                params_early_setup
 .text.rockchip_validate_power_state
                0x00000000000534f0       0x74 /home/mohit/ws/arm-trusted-firmware/build/rk3399/release/bl31/plat_pm.o
                0x00000000000534f0                rockchip_validate_power_state
 .text.rockchip_get_sys_suspend_power_state
                0x0000000000053564       0x14 /home/mohit/ws/arm-trusted-firmware/build/rk3399/release/bl31/plat_pm.o
                0x0000000000053564                rockchip_get_sys_suspend_power_state
 .text.rockchip_cpu_standby
                0x0000000000053578       0x20 /home/mohit/ws/arm-trusted-firmware/build/rk3399/release/bl31/plat_pm.o
                0x0000000000053578                rockchip_cpu_standby
 .text.rockchip_pwr_domain_on
                0x0000000000053598        0xc /home/mohit/ws/arm-trusted-firmware/build/rk3399/release/bl31/plat_pm.o
                0x0000000000053598                rockchip_pwr_domain_on
 .text.rockchip_pwr_domain_off
                0x00000000000535a4       0x5c /home/mohit/ws/arm-trusted-firmware/build/rk3399/release/bl31/plat_pm.o
                0x00000000000535a4                rockchip_pwr_domain_off
 .text.rockchip_pwr_domain_suspend
                0x0000000000053600       0x88 /home/mohit/ws/arm-trusted-firmware/build/rk3399/release/bl31/plat_pm.o
                0x0000000000053600                rockchip_pwr_domain_suspend
 .text.rockchip_pwr_domain_on_finish
                0x0000000000053688       0x54 /home/mohit/ws/arm-trusted-firmware/build/rk3399/release/bl31/plat_pm.o
                0x0000000000053688                rockchip_pwr_domain_on_finish
 .text.rockchip_pwr_domain_suspend_finish
                0x00000000000536dc       0x7c /home/mohit/ws/arm-trusted-firmware/build/rk3399/release/bl31/plat_pm.o
                0x00000000000536dc                rockchip_pwr_domain_suspend_finish
 .text.rockchip_system_reset
                0x0000000000053758        0xc /home/mohit/ws/arm-trusted-firmware/build/rk3399/release/bl31/plat_pm.o
 .text.rockchip_system_poweroff
                0x0000000000053764        0xc /home/mohit/ws/arm-trusted-firmware/build/rk3399/release/bl31/plat_pm.o
 .text.rockchip_soc_cores_pd_pwr_dn_wfi
                0x0000000000053770        0xc /home/mohit/ws/arm-trusted-firmware/build/rk3399/release/bl31/plat_pm.o
                0x0000000000053770                rockchip_soc_cores_pd_pwr_dn_wfi
 .text.rockchip_soc_sys_pd_pwr_dn_wfi
                0x000000000005377c        0xc /home/mohit/ws/arm-trusted-firmware/build/rk3399/release/bl31/plat_pm.o
                0x000000000005377c                rockchip_soc_sys_pd_pwr_dn_wfi
 .text.rockchip_pd_pwr_down_wfi
                0x0000000000053788       0x1c /home/mohit/ws/arm-trusted-firmware/build/rk3399/release/bl31/plat_pm.o
 .text.plat_setup_psci_ops
                0x00000000000537a4       0x1c /home/mohit/ws/arm-trusted-firmware/build/rk3399/release/bl31/plat_pm.o
                0x00000000000537a4                plat_setup_psci_ops
 .text.plat_get_sec_entrypoint
                0x00000000000537c0        0xc /home/mohit/ws/arm-trusted-firmware/build/rk3399/release/bl31/plat_pm.o
                0x00000000000537c0                plat_get_sec_entrypoint
 .text.plat_get_power_domain_tree_desc
                0x00000000000537cc        0xc /home/mohit/ws/arm-trusted-firmware/build/rk3399/release/bl31/plat_topology.o
                0x00000000000537cc                plat_get_power_domain_tree_desc
 .text.plat_core_pos_by_mpidr
                0x00000000000537d8       0x18 /home/mohit/ws/arm-trusted-firmware/build/rk3399/release/bl31/plat_topology.o
                0x00000000000537d8                plat_core_pos_by_mpidr
 .text.plat_rockchip_mpidr_to_core_pos
                0x00000000000537f0        0x4 /home/mohit/ws/arm-trusted-firmware/build/rk3399/release/bl31/rockchip_gicv3.o
 .text.plat_rockchip_gic_driver_init
                0x00000000000537f4        0xc /home/mohit/ws/arm-trusted-firmware/build/rk3399/release/bl31/rockchip_gicv3.o
                0x00000000000537f4                plat_rockchip_gic_driver_init
 .text.plat_rockchip_gic_init
                0x0000000000053800       0x20 /home/mohit/ws/arm-trusted-firmware/build/rk3399/release/bl31/rockchip_gicv3.o
                0x0000000000053800                plat_rockchip_gic_init
 .text.plat_rockchip_gic_cpuif_enable
                0x0000000000053820       0x14 /home/mohit/ws/arm-trusted-firmware/build/rk3399/release/bl31/rockchip_gicv3.o
                0x0000000000053820                plat_rockchip_gic_cpuif_enable
 .text.plat_rockchip_gic_cpuif_disable
                0x0000000000053834       0x14 /home/mohit/ws/arm-trusted-firmware/build/rk3399/release/bl31/rockchip_gicv3.o
                0x0000000000053834                plat_rockchip_gic_cpuif_disable
 .text.plat_rockchip_gic_pcpu_init
                0x0000000000053848       0x14 /home/mohit/ws/arm-trusted-firmware/build/rk3399/release/bl31/rockchip_gicv3.o
                0x0000000000053848                plat_rockchip_gic_pcpu_init
 .text.sip_smc_handler
                0x000000000005385c       0x8c /home/mohit/ws/arm-trusted-firmware/build/rk3399/release/bl31/rockchip_sip_svc.o
                0x000000000005385c                sip_smc_handler
 .text.get_rdlat_adj
                0x00000000000538e8       0x68 /home/mohit/ws/arm-trusted-firmware/build/rk3399/release/bl31/dfs.o
 .text.get_wrlat_adj
                0x0000000000053950       0x68 /home/mohit/ws/arm-trusted-firmware/build/rk3399/release/bl31/dfs.o
 .text.get_pi_rdlat_adj
                0x00000000000539b8       0x74 /home/mohit/ws/arm-trusted-firmware/build/rk3399/release/bl31/dfs.o
 .text.gen_rk3399_set_odt
                0x0000000000053a2c       0xd8 /home/mohit/ws/arm-trusted-firmware/build/rk3399/release/bl31/dfs.o
 .text.to_get_clk_index
                0x0000000000053b04       0x3c /home/mohit/ws/arm-trusted-firmware/build/rk3399/release/bl31/dfs.o
 .text.get_pi_wrlat.isra.0.part.0
                0x0000000000053b40       0x50 /home/mohit/ws/arm-trusted-firmware/build/rk3399/release/bl31/dfs.o
 .text.get_pi_todtoff_min.isra.0
                0x0000000000053b90       0x3c /home/mohit/ws/arm-trusted-firmware/build/rk3399/release/bl31/dfs.o
 .text.get_pi_todtoff_max.isra.0
                0x0000000000053bcc       0x30 /home/mohit/ws/arm-trusted-firmware/build/rk3399/release/bl31/dfs.o
 .text.get_pi_tdfi_phy_rdlat.isra.0
                0x0000000000053bfc       0xc8 /home/mohit/ws/arm-trusted-firmware/build/rk3399/release/bl31/dfs.o
 .text.get_pi_wrlat_adj.constprop.0
                0x0000000000053cc4       0x38 /home/mohit/ws/arm-trusted-firmware/build/rk3399/release/bl31/dfs.o
 .text.prepare_ddr_timing
                0x0000000000053cfc     0x2628 /home/mohit/ws/arm-trusted-firmware/build/rk3399/release/bl31/dfs.o
 .text.ddr_get_rate
                0x0000000000056324       0x54 /home/mohit/ws/arm-trusted-firmware/build/rk3399/release/bl31/dfs.o
                0x0000000000056324                ddr_get_rate
 .text.exit_low_power
                0x0000000000056378      0x170 /home/mohit/ws/arm-trusted-firmware/build/rk3399/release/bl31/dfs.o
                0x0000000000056378                exit_low_power
 .text.resume_low_power
                0x00000000000564e8       0xac /home/mohit/ws/arm-trusted-firmware/build/rk3399/release/bl31/dfs.o
                0x00000000000564e8                resume_low_power
 .text.dram_dfs_init
                0x0000000000056594      0x504 /home/mohit/ws/arm-trusted-firmware/build/rk3399/release/bl31/dfs.o
                0x0000000000056594                dram_dfs_init
 .text.dram_set_odt_pd
                0x0000000000056a98      0x128 /home/mohit/ws/arm-trusted-firmware/build/rk3399/release/bl31/dfs.o
                0x0000000000056a98                dram_set_odt_pd
 .text.ddr_set_rate
                0x0000000000056bc0      0x1bc /home/mohit/ws/arm-trusted-firmware/build/rk3399/release/bl31/dfs.o
                0x0000000000056bc0                ddr_set_rate
 .text.ddr_round_rate
                0x0000000000056d7c       0x3c /home/mohit/ws/arm-trusted-firmware/build/rk3399/release/bl31/dfs.o
                0x0000000000056d7c                ddr_round_rate
 .text.ddr_prepare_for_sys_suspend
                0x0000000000056db8       0x78 /home/mohit/ws/arm-trusted-firmware/build/rk3399/release/bl31/dfs.o
                0x0000000000056db8                ddr_prepare_for_sys_suspend
 .text.ddr_prepare_for_sys_resume
                0x0000000000056e30       0x94 /home/mohit/ws/arm-trusted-firmware/build/rk3399/release/bl31/dfs.o
                0x0000000000056e30                ddr_prepare_for_sys_resume
 .text.dram_init
                0x0000000000056ec4      0x1f0 /home/mohit/ws/arm-trusted-firmware/build/rk3399/release/bl31/dram.o
                0x0000000000056ec4                dram_init
 .text.get_max_die_capability
                0x00000000000570b4       0x4c /home/mohit/ws/arm-trusted-firmware/build/rk3399/release/bl31/dram_spec_timing.o
 .text.dram_get_parameter
                0x0000000000057100     0x1520 /home/mohit/ws/arm-trusted-firmware/build/rk3399/release/bl31/dram_spec_timing.o
                0x0000000000057100                dram_get_parameter
 .text.dram_regcpy
                0x0000000000058620       0x24 /home/mohit/ws/arm-trusted-firmware/build/rk3399/release/bl31/suspend.o
 .text.dmc_suspend
                0x0000000000058644      0x208 /home/mohit/ws/arm-trusted-firmware/build/rk3399/release/bl31/suspend.o
                0x0000000000058644                dmc_suspend
 .text.gpio_get_clock
                0x000000000005884c       0x90 /home/mohit/ws/arm-trusted-firmware/build/rk3399/release/bl31/rk3399_gpio.o
 .text.gpio_put_clock
                0x00000000000588dc       0x74 /home/mohit/ws/arm-trusted-firmware/build/rk3399/release/bl31/rk3399_gpio.o
                0x00000000000588dc                gpio_put_clock
 .text.get_pull
                0x0000000000058950       0xc4 /home/mohit/ws/arm-trusted-firmware/build/rk3399/release/bl31/rk3399_gpio.o
 .text.set_pull
                0x0000000000058a14       0xf0 /home/mohit/ws/arm-trusted-firmware/build/rk3399/release/bl31/rk3399_gpio.o
 .text.set_value
                0x0000000000058b04       0x6c /home/mohit/ws/arm-trusted-firmware/build/rk3399/release/bl31/rk3399_gpio.o
 .text.get_value
                0x0000000000058b70       0x58 /home/mohit/ws/arm-trusted-firmware/build/rk3399/release/bl31/rk3399_gpio.o
 .text.set_direction
                0x0000000000058bc8       0x64 /home/mohit/ws/arm-trusted-firmware/build/rk3399/release/bl31/rk3399_gpio.o
 .text.get_direction
                0x0000000000058c2c       0x5c /home/mohit/ws/arm-trusted-firmware/build/rk3399/release/bl31/rk3399_gpio.o
 .text.plat_rockchip_save_gpio
                0x0000000000058c88       0xe0 /home/mohit/ws/arm-trusted-firmware/build/rk3399/release/bl31/rk3399_gpio.o
                0x0000000000058c88                plat_rockchip_save_gpio
 .text.plat_rockchip_restore_gpio
                0x0000000000058d68       0xfc /home/mohit/ws/arm-trusted-firmware/build/rk3399/release/bl31/rk3399_gpio.o
                0x0000000000058d68                plat_rockchip_restore_gpio
 .text.plat_rockchip_gpio_init
                0x0000000000058e64        0xc /home/mohit/ws/arm-trusted-firmware/build/rk3399/release/bl31/rk3399_gpio.o
                0x0000000000058e64                plat_rockchip_gpio_init
 .text.m0_init  0x0000000000058e70       0x54 /home/mohit/ws/arm-trusted-firmware/build/rk3399/release/bl31/m0_ctl.o
                0x0000000000058e70                m0_init
 .text.m0_configure_execute_addr
                0x0000000000058ec4       0x2c /home/mohit/ws/arm-trusted-firmware/build/rk3399/release/bl31/m0_ctl.o
                0x0000000000058ec4                m0_configure_execute_addr
 .text.m0_start
                0x0000000000058ef0       0x5c /home/mohit/ws/arm-trusted-firmware/build/rk3399/release/bl31/m0_ctl.o
                0x0000000000058ef0                m0_start
 .text.m0_stop  0x0000000000058f4c       0x28 /home/mohit/ws/arm-trusted-firmware/build/rk3399/release/bl31/m0_ctl.o
                0x0000000000058f4c                m0_stop
 .text.m0_wait_done
                0x0000000000058f74       0x4c /home/mohit/ws/arm-trusted-firmware/build/rk3399/release/bl31/m0_ctl.o
                0x0000000000058f74                m0_wait_done
 .text.pmu_power_domain_st
                0x0000000000058fc0       0x20 /home/mohit/ws/arm-trusted-firmware/build/rk3399/release/bl31/pmu.o
 .text.pmu_power_domain_ctr
                0x0000000000058fe0       0xac /home/mohit/ws/arm-trusted-firmware/build/rk3399/release/bl31/pmu.o
 .text.clst_pwr_domain_suspend
                0x000000000005908c       0xa4 /home/mohit/ws/arm-trusted-firmware/build/rk3399/release/bl31/pmu.o
 .text.clst_pwr_domain_resume
                0x0000000000059130       0x54 /home/mohit/ws/arm-trusted-firmware/build/rk3399/release/bl31/pmu.o
 .text.pmu_bus_idle_req
                0x0000000000059184       0x94 /home/mohit/ws/arm-trusted-firmware/build/rk3399/release/bl31/pmu.o
 .text.pmu_set_power_domain
                0x0000000000059218      0x138 /home/mohit/ws/arm-trusted-firmware/build/rk3399/release/bl31/pmu.o
 .text.pmu_power_domains_on
                0x0000000000059350       0xb8 /home/mohit/ws/arm-trusted-firmware/build/rk3399/release/bl31/pmu.o
                0x0000000000059350                pmu_power_domains_on
 .text.rk3399_flush_l2_b
                0x0000000000059408       0x5c /home/mohit/ws/arm-trusted-firmware/build/rk3399/release/bl31/pmu.o
                0x0000000000059408                rk3399_flush_l2_b
 .text.rockchip_soc_cores_pwr_dm_on
                0x0000000000059464       0xb4 /home/mohit/ws/arm-trusted-firmware/build/rk3399/release/bl31/pmu.o
                0x0000000000059464                rockchip_soc_cores_pwr_dm_on
 .text.rockchip_soc_cores_pwr_dm_off
                0x0000000000059518       0x4c /home/mohit/ws/arm-trusted-firmware/build/rk3399/release/bl31/pmu.o
                0x0000000000059518                rockchip_soc_cores_pwr_dm_off
 .text.rockchip_soc_hlvl_pwr_dm_off
                0x0000000000059564       0x30 /home/mohit/ws/arm-trusted-firmware/build/rk3399/release/bl31/pmu.o
                0x0000000000059564                rockchip_soc_hlvl_pwr_dm_off
 .text.rockchip_soc_cores_pwr_dm_suspend
                0x0000000000059594       0x80 /home/mohit/ws/arm-trusted-firmware/build/rk3399/release/bl31/pmu.o
                0x0000000000059594                rockchip_soc_cores_pwr_dm_suspend
 .text.rockchip_soc_hlvl_pwr_dm_suspend
                0x0000000000059614       0x30 /home/mohit/ws/arm-trusted-firmware/build/rk3399/release/bl31/pmu.o
                0x0000000000059614                rockchip_soc_hlvl_pwr_dm_suspend
 .text.rockchip_soc_cores_pwr_dm_on_finish
                0x0000000000059644       0x28 /home/mohit/ws/arm-trusted-firmware/build/rk3399/release/bl31/pmu.o
                0x0000000000059644                rockchip_soc_cores_pwr_dm_on_finish
 .text.rockchip_soc_hlvl_pwr_dm_on_finish
                0x000000000005966c       0x30 /home/mohit/ws/arm-trusted-firmware/build/rk3399/release/bl31/pmu.o
                0x000000000005966c                rockchip_soc_hlvl_pwr_dm_on_finish
 .text.rockchip_soc_cores_pwr_dm_resume
                0x000000000005969c        0x4 /home/mohit/ws/arm-trusted-firmware/build/rk3399/release/bl31/pmu.o
                0x000000000005969c                rockchip_soc_cores_pwr_dm_resume
 .text.rockchip_soc_hlvl_pwr_dm_resume
                0x00000000000596a0       0x30 /home/mohit/ws/arm-trusted-firmware/build/rk3399/release/bl31/pmu.o
                0x00000000000596a0                rockchip_soc_hlvl_pwr_dm_resume
 .text.sram_save
                0x00000000000596d0       0x88 /home/mohit/ws/arm-trusted-firmware/build/rk3399/release/bl31/pmu.o
                0x00000000000596d0                sram_save
 .text.sram_restore
                0x0000000000059758       0x88 /home/mohit/ws/arm-trusted-firmware/build/rk3399/release/bl31/pmu.o
                0x0000000000059758                sram_restore
 .text.suspend_uart
                0x00000000000597e0       0x64 /home/mohit/ws/arm-trusted-firmware/build/rk3399/release/bl31/pmu.o
                0x00000000000597e0                suspend_uart
 .text.resume_uart
                0x0000000000059844       0x84 /home/mohit/ws/arm-trusted-firmware/build/rk3399/release/bl31/pmu.o
                0x0000000000059844                resume_uart
 .text.save_usbphy
                0x00000000000598c8       0xf4 /home/mohit/ws/arm-trusted-firmware/build/rk3399/release/bl31/pmu.o
                0x00000000000598c8                save_usbphy
 .text.restore_usbphy
                0x00000000000599bc       0xd4 /home/mohit/ws/arm-trusted-firmware/build/rk3399/release/bl31/pmu.o
                0x00000000000599bc                restore_usbphy
 .text.grf_register_save
                0x0000000000059a90       0xd8 /home/mohit/ws/arm-trusted-firmware/build/rk3399/release/bl31/pmu.o
                0x0000000000059a90                grf_register_save
 .text.grf_register_restore
                0x0000000000059b68       0xc4 /home/mohit/ws/arm-trusted-firmware/build/rk3399/release/bl31/pmu.o
                0x0000000000059b68                grf_register_restore
 .text.cru_register_save
                0x0000000000059c2c       0x34 /home/mohit/ws/arm-trusted-firmware/build/rk3399/release/bl31/pmu.o
                0x0000000000059c2c                cru_register_save
 .text.cru_register_restore
                0x0000000000059c60       0x80 /home/mohit/ws/arm-trusted-firmware/build/rk3399/release/bl31/pmu.o
                0x0000000000059c60                cru_register_restore
 .text.wdt_register_save
                0x0000000000059ce0       0x50 /home/mohit/ws/arm-trusted-firmware/build/rk3399/release/bl31/pmu.o
                0x0000000000059ce0                wdt_register_save
 .text.wdt_register_restore
                0x0000000000059d30       0x6c /home/mohit/ws/arm-trusted-firmware/build/rk3399/release/bl31/pmu.o
                0x0000000000059d30                wdt_register_restore
 .text.rockchip_soc_sys_pwr_dm_suspend
                0x0000000000059d9c     0x1610 /home/mohit/ws/arm-trusted-firmware/build/rk3399/release/bl31/pmu.o
                0x0000000000059d9c                rockchip_soc_sys_pwr_dm_suspend
 .text.rockchip_soc_sys_pwr_dm_resume
                0x000000000005b3ac      0xe4c /home/mohit/ws/arm-trusted-firmware/build/rk3399/release/bl31/pmu.o
                0x000000000005b3ac                rockchip_soc_sys_pwr_dm_resume
 .text.rockchip_soc_soft_reset
                0x000000000005c1f8       0x38 /home/mohit/ws/arm-trusted-firmware/build/rk3399/release/bl31/pmu.o
                0x000000000005c1f8                rockchip_soc_soft_reset
 .text.rockchip_soc_system_off
                0x000000000005c230       0x50 /home/mohit/ws/arm-trusted-firmware/build/rk3399/release/bl31/pmu.o
                0x000000000005c230                rockchip_soc_system_off
 .text.rockchip_plat_mmu_el3
                0x000000000005c280       0x8c /home/mohit/ws/arm-trusted-firmware/build/rk3399/release/bl31/pmu.o
                0x000000000005c280                rockchip_plat_mmu_el3
 .text.plat_rockchip_pmu_init
                0x000000000005c30c      0x1e8 /home/mohit/ws/arm-trusted-firmware/build/rk3399/release/bl31/pmu.o
                0x000000000005c30c                plat_rockchip_pmu_init
 .text.disable_pwms
                0x000000000005c4f4       0xfc /home/mohit/ws/arm-trusted-firmware/build/rk3399/release/bl31/pwm.o
                0x000000000005c4f4                disable_pwms
 .text.enable_pwms
                0x000000000005c5f0       0xb4 /home/mohit/ws/arm-trusted-firmware/build/rk3399/release/bl31/pwm.o
                0x000000000005c5f0                enable_pwms
 .text.secure_watchdog_gate
                0x000000000005c6a4       0x18 /home/mohit/ws/arm-trusted-firmware/build/rk3399/release/bl31/secure.o
                0x000000000005c6a4                secure_watchdog_gate
 .text.secure_timer_init
                0x000000000005c6bc       0x30 /home/mohit/ws/arm-trusted-firmware/build/rk3399/release/bl31/secure.o
                0x000000000005c6bc                secure_timer_init
 .text.secure_sgrf_init
                0x000000000005c6ec       0x60 /home/mohit/ws/arm-trusted-firmware/build/rk3399/release/bl31/secure.o
                0x000000000005c6ec                secure_sgrf_init
 .text.secure_sgrf_ddr_rgn_init
                0x000000000005c74c       0x2c /home/mohit/ws/arm-trusted-firmware/build/rk3399/release/bl31/secure.o
                0x000000000005c74c                secure_sgrf_ddr_rgn_init
 .text.restore_pll.constprop.0
                0x000000000005c778       0x78 /home/mohit/ws/arm-trusted-firmware/build/rk3399/release/bl31/soc.o
 .text.disable_dvfs_plls
                0x000000000005c7f0       0x4c /home/mohit/ws/arm-trusted-firmware/build/rk3399/release/bl31/soc.o
                0x000000000005c7f0                disable_dvfs_plls
 .text.disable_nodvfs_plls
                0x000000000005c83c       0x1c /home/mohit/ws/arm-trusted-firmware/build/rk3399/release/bl31/soc.o
                0x000000000005c83c                disable_nodvfs_plls
 .text.prepare_abpll_for_ddrctrl
                0x000000000005c858       0xd0 /home/mohit/ws/arm-trusted-firmware/build/rk3399/release/bl31/soc.o
                0x000000000005c858                prepare_abpll_for_ddrctrl
 .text.restore_abpll
                0x000000000005c928       0x10 /home/mohit/ws/arm-trusted-firmware/build/rk3399/release/bl31/soc.o
                0x000000000005c928                restore_abpll
 .text.clk_gate_con_save
                0x000000000005c938       0x6c /home/mohit/ws/arm-trusted-firmware/build/rk3399/release/bl31/soc.o
                0x000000000005c938                clk_gate_con_save
 .text.clk_gate_con_disable
                0x000000000005c9a4       0x38 /home/mohit/ws/arm-trusted-firmware/build/rk3399/release/bl31/soc.o
                0x000000000005c9a4                clk_gate_con_disable
 .text.clk_gate_con_restore
                0x000000000005c9dc       0x68 /home/mohit/ws/arm-trusted-firmware/build/rk3399/release/bl31/soc.o
                0x000000000005c9dc                clk_gate_con_restore
 .text.set_pmu_rsthold
                0x000000000005ca44       0x40 /home/mohit/ws/arm-trusted-firmware/build/rk3399/release/bl31/soc.o
                0x000000000005ca44                set_pmu_rsthold
 .text.pmu_sgrf_rst_hld
                0x000000000005ca84       0x14 /home/mohit/ws/arm-trusted-firmware/build/rk3399/release/bl31/soc.o
                0x000000000005ca84                pmu_sgrf_rst_hld
 .text.enable_dvfs_plls
                0x000000000005ca98       0x50 /home/mohit/ws/arm-trusted-firmware/build/rk3399/release/bl31/soc.o
                0x000000000005ca98                enable_dvfs_plls
 .text.enable_nodvfs_plls
                0x000000000005cae8       0x20 /home/mohit/ws/arm-trusted-firmware/build/rk3399/release/bl31/soc.o
                0x000000000005cae8                enable_nodvfs_plls
 .text.soc_global_soft_reset_init
                0x000000000005cb08       0x28 /home/mohit/ws/arm-trusted-firmware/build/rk3399/release/bl31/soc.o
                0x000000000005cb08                soc_global_soft_reset_init
 .text.soc_global_soft_reset
                0x000000000005cb30       0x7c /home/mohit/ws/arm-trusted-firmware/build/rk3399/release/bl31/soc.o
                0x000000000005cb30                soc_global_soft_reset
 .text.plat_rockchip_soc_init
                0x000000000005cbac       0x2c /home/mohit/ws/arm-trusted-firmware/build/rk3399/release/bl31/soc.o
                0x000000000005cbac                plat_rockchip_soc_init
 .text.ddr_smc_handler
                0x000000000005cbd8       0x5c /home/mohit/ws/arm-trusted-firmware/build/rk3399/release/bl31/plat_sip_calls.o
                0x000000000005cbd8                ddr_smc_handler
 .text.rockchip_plat_sip_handler
                0x000000000005cc34       0x70 /home/mohit/ws/arm-trusted-firmware/build/rk3399/release/bl31/plat_sip_calls.o
                0x000000000005cc34                rockchip_plat_sip_handler
 .text.arm_arch_svc_smc_handler
                0x000000000005cca4      0x120 /home/mohit/ws/arm-trusted-firmware/build/rk3399/release/bl31/arm_arch_svc_setup.o
 .text.std_svc_setup
                0x000000000005cdc4       0x24 /home/mohit/ws/arm-trusted-firmware/build/rk3399/release/bl31/std_svc_setup.o
 .text.std_svc_smc_handler
                0x000000000005cde8       0xa4 /home/mohit/ws/arm-trusted-firmware/build/rk3399/release/bl31/std_svc_setup.o
 .text.print_entry_point_info
                0x000000000005ce8c        0x4 /home/mohit/ws/arm-trusted-firmware/build/rk3399/release/bl31/bl_common.o
                0x000000000005ce8c                print_entry_point_info
 .text.tf_log   0x000000000005ce90       0x94 /home/mohit/ws/arm-trusted-firmware/build/rk3399/release/bl31/tf_log.o
                0x000000000005ce90                tf_log
 .text.console_is_registered
                0x000000000005cf24       0x2c /home/mohit/ws/arm-trusted-firmware/build/rk3399/release/bl31/multi_console.o
                0x000000000005cf24                console_is_registered
 .text.console_register
                0x000000000005cf50       0x34 /home/mohit/ws/arm-trusted-firmware/build/rk3399/release/bl31/multi_console.o
                0x000000000005cf50                console_register
 .text.console_switch_state
                0x000000000005cf84        0xc /home/mohit/ws/arm-trusted-firmware/build/rk3399/release/bl31/multi_console.o
                0x000000000005cf84                console_switch_state
 .text.console_putc
                0x000000000005cf90       0x9c /home/mohit/ws/arm-trusted-firmware/build/rk3399/release/bl31/multi_console.o
                0x000000000005cf90                console_putc
 .text.console_flush
                0x000000000005d02c       0x54 /home/mohit/ws/arm-trusted-firmware/build/rk3399/release/bl31/multi_console.o
                0x000000000005d02c                console_flush
 .text.plat_get_soc_version
                0x000000000005d080        0x8 /home/mohit/ws/arm-trusted-firmware/build/rk3399/release/bl31/plat_bl_common.o
                0x000000000005d080                plat_get_soc_version
 .text.plat_get_soc_revision
                0x000000000005d088        0x8 /home/mohit/ws/arm-trusted-firmware/build/rk3399/release/bl31/plat_bl_common.o
                0x000000000005d088                plat_get_soc_revision
 .text.plat_is_smccc_feature_available
                0x000000000005d090        0x8 /home/mohit/ws/arm-trusted-firmware/build/rk3399/release/bl31/plat_bl_common.o
                0x000000000005d090                plat_is_smccc_feature_available
 .text.plat_log_get_prefix
                0x000000000005d098       0x30 /home/mohit/ws/arm-trusted-firmware/build/rk3399/release/bl31/plat_log_common.o
                0x000000000005d098                plat_log_get_prefix
 .text.bl31_plat_runtime_setup
                0x000000000005d0c8        0x8 /home/mohit/ws/arm-trusted-firmware/build/rk3399/release/bl31/plat_common.o
                0x000000000005d0c8                bl31_plat_runtime_setup
 .text.plat_ea_handler
                0x000000000005d0d0       0x74 /home/mohit/ws/arm-trusted-firmware/build/rk3399/release/bl31/plat_common.o
                0x000000000005d0d0                plat_ea_handler
 .text.plat_arm_set_twedel_scr_el3
                0x000000000005d144        0x8 /home/mohit/ws/arm-trusted-firmware/build/rk3399/release/bl31/plat_common.o
                0x000000000005d144                plat_arm_set_twedel_scr_el3
 .text.bl31_params_parse_helper
                0x000000000005d14c       0xac /home/mohit/ws/arm-trusted-firmware/build/rk3399/release/bl31/desc_image_load.o
                0x000000000005d14c                bl31_params_parse_helper
 .text.bl_aux_params_parse
                0x000000000005d1f8       0x60 /home/mohit/ws/arm-trusted-firmware/build/rk3399/release/bl31/bl_aux_params.o
                0x000000000005d1f8                bl_aux_params_parse
 .text.init_xlation_table_inner
                0x000000000005d258      0x1e4 /home/mohit/ws/arm-trusted-firmware/build/rk3399/release/bl31/xlat_tables_common.o
 .text.print_mmap
                0x000000000005d43c        0x4 /home/mohit/ws/arm-trusted-firmware/build/rk3399/release/bl31/xlat_tables_common.o
                0x000000000005d43c                print_mmap
 .text.mmap_add_region
                0x000000000005d440       0xe8 /home/mohit/ws/arm-trusted-firmware/build/rk3399/release/bl31/xlat_tables_common.o
                0x000000000005d440                mmap_add_region
 .text.mmap_add
                0x000000000005d528       0x3c /home/mohit/ws/arm-trusted-firmware/build/rk3399/release/bl31/xlat_tables_common.o
                0x000000000005d528                mmap_add
 .text.init_xlation_table
                0x000000000005d564       0x94 /home/mohit/ws/arm-trusted-firmware/build/rk3399/release/bl31/xlat_tables_common.o
                0x000000000005d564                init_xlation_table
 .text.xlat_arch_current_el
                0x000000000005d5f8        0xc /home/mohit/ws/arm-trusted-firmware/build/rk3399/release/bl31/xlat_tables.o
                0x000000000005d5f8                xlat_arch_current_el
 .text.xlat_arch_get_xn_desc
                0x000000000005d604       0x14 /home/mohit/ws/arm-trusted-firmware/build/rk3399/release/bl31/xlat_tables.o
                0x000000000005d604                xlat_arch_get_xn_desc
 .text.init_xlat_tables
                0x000000000005d618       0x84 /home/mohit/ws/arm-trusted-firmware/build/rk3399/release/bl31/xlat_tables.o
                0x000000000005d618                init_xlat_tables
 .text.enable_mmu_el3
                0x000000000005d69c       0x7c /home/mohit/ws/arm-trusted-firmware/build/rk3399/release/bl31/xlat_tables.o
                0x000000000005d69c                enable_mmu_el3
 .text.enable_mmu_direct_el3
                0x000000000005d718        0x4 /home/mohit/ws/arm-trusted-firmware/build/rk3399/release/bl31/xlat_tables.o
                0x000000000005d718                enable_mmu_direct_el3
 .text.plat_get_target_pwr_state
                0x000000000005d71c       0x28 /home/mohit/ws/arm-trusted-firmware/build/rk3399/release/bl31/plat_psci_common.o
                0x000000000005d71c                plat_get_target_pwr_state
 .text.asm.report_unhandled_exception
                0x000000000005d744        0x4 /home/mohit/ws/arm-trusted-firmware/build/rk3399/release/bl31/crash_reporting.o
                0x000000000005d744                report_unhandled_exception
                0x000000000005d744                report_unhandled_interrupt
 .text.asm.enter_lower_el_sync_ea
                0x000000000005d748       0x78 /home/mohit/ws/arm-trusted-firmware/build/rk3399/release/bl31/ea_delegate.o
                0x000000000005d748                enter_lower_el_sync_ea
 .text.asm.enter_lower_el_async_ea
                0x000000000005d7c0       0x1c /home/mohit/ws/arm-trusted-firmware/build/rk3399/release/bl31/ea_delegate.o
                0x000000000005d7c0                enter_lower_el_async_ea
                0x000000000005d7c4                handle_lower_el_async_ea
 .text.asm.delegate_sync_ea
                0x000000000005d7dc        0x4 /home/mohit/ws/arm-trusted-firmware/build/rk3399/release/bl31/ea_delegate.o
 .text.asm.delegate_async_ea
                0x000000000005d7e0        0x4 /home/mohit/ws/arm-trusted-firmware/build/rk3399/release/bl31/ea_delegate.o
 .text.asm.ea_proceed
                0x000000000005d7e4       0x68 /home/mohit/ws/arm-trusted-firmware/build/rk3399/release/bl31/ea_delegate.o
 .text.asm.smc_handler
                0x000000000005d84c       0x88 /home/mohit/ws/arm-trusted-firmware/build/rk3399/release/bl31/runtime_exceptions.o
 .text.asm.console_16550_core_init
                0x000000000005d8d4       0x70 /home/mohit/ws/arm-trusted-firmware/build/rk3399/release/bl31/16550_console.o
                0x000000000005d8d4                console_16550_core_init
 .text.asm.console_16550_register
                0x000000000005d944       0x58 /home/mohit/ws/arm-trusted-firmware/build/rk3399/release/bl31/16550_console.o
                0x000000000005d944                console_16550_register
 .text.asm.console_16550_core_putc
                0x000000000005d99c       0x38 /home/mohit/ws/arm-trusted-firmware/build/rk3399/release/bl31/16550_console.o
                0x000000000005d99c                console_16550_core_putc
 .text.asm.console_16550_putc
                0x000000000005d9d4        0x8 /home/mohit/ws/arm-trusted-firmware/build/rk3399/release/bl31/16550_console.o
                0x000000000005d9d4                console_16550_putc
 .text.asm.console_16550_core_getc
                0x000000000005d9dc       0x18 /home/mohit/ws/arm-trusted-firmware/build/rk3399/release/bl31/16550_console.o
                0x000000000005d9dc                console_16550_core_getc
 .text.asm.console_16550_getc
                0x000000000005d9f4        0x8 /home/mohit/ws/arm-trusted-firmware/build/rk3399/release/bl31/16550_console.o
                0x000000000005d9f4                console_16550_getc
 .text.asm.console_16550_core_flush
                0x000000000005d9fc       0x14 /home/mohit/ws/arm-trusted-firmware/build/rk3399/release/bl31/16550_console.o
                0x000000000005d9fc                console_16550_core_flush
 .text.asm.console_16550_flush
                0x000000000005da10        0x8 /home/mohit/ws/arm-trusted-firmware/build/rk3399/release/bl31/16550_console.o
                0x000000000005da10                console_16550_flush
 .text.asm.cortex_a53_disable_dcache
                0x000000000005da18       0x14 /home/mohit/ws/arm-trusted-firmware/build/rk3399/release/bl31/cortex_a53.o
 .text.asm.cortex_a53_disable_smp
                0x000000000005da2c       0x18 /home/mohit/ws/arm-trusted-firmware/build/rk3399/release/bl31/cortex_a53.o
 .text.asm.a53_disable_non_temporal_hint
                0x000000000005da44       0x1c /home/mohit/ws/arm-trusted-firmware/build/rk3399/release/bl31/cortex_a53.o
 .text.asm.check_errata_disable_non_temporal_hint
                0x000000000005da60        0x8 /home/mohit/ws/arm-trusted-firmware/build/rk3399/release/bl31/cortex_a53.o
 .text.asm.errata_a53_855873_wa
                0x000000000005da68       0x1c /home/mohit/ws/arm-trusted-firmware/build/rk3399/release/bl31/cortex_a53.o
 .text.asm.check_errata_855873
                0x000000000005da84        0x8 /home/mohit/ws/arm-trusted-firmware/build/rk3399/release/bl31/cortex_a53.o
 .text.asm.cortex_a53_reset_func
                0x000000000005da8c       0x30 /home/mohit/ws/arm-trusted-firmware/build/rk3399/release/bl31/cortex_a53.o
 .text.asm.cortex_a53_core_pwr_dwn
                0x000000000005dabc       0x18 /home/mohit/ws/arm-trusted-firmware/build/rk3399/release/bl31/cortex_a53.o
 .text.asm.cortex_a53_cluster_pwr_dwn
                0x000000000005dad4       0x24 /home/mohit/ws/arm-trusted-firmware/build/rk3399/release/bl31/cortex_a53.o
 .text.asm.cortex_a72_disable_dcache
                0x000000000005daf8       0x14 /home/mohit/ws/arm-trusted-firmware/build/rk3399/release/bl31/cortex_a72.o
 .text.asm.cortex_a72_disable_l2_prefetch
                0x000000000005db0c       0x20 /home/mohit/ws/arm-trusted-firmware/build/rk3399/release/bl31/cortex_a72.o
 .text.asm.cortex_a72_disable_hw_prefetcher
                0x000000000005db2c       0x18 /home/mohit/ws/arm-trusted-firmware/build/rk3399/release/bl31/cortex_a72.o
 .text.asm.cortex_a72_disable_smp
                0x000000000005db44       0x10 /home/mohit/ws/arm-trusted-firmware/build/rk3399/release/bl31/cortex_a72.o
 .text.asm.cortex_a72_disable_ext_debug
                0x000000000005db54       0x14 /home/mohit/ws/arm-trusted-firmware/build/rk3399/release/bl31/cortex_a72.o
 .text.asm.check_errata_cve_2017_5715